<html>
<body>
<pre>
<h1>µVision Build Log</h1>
<h2>Tool Versions:</h2>
IDE-Version: µVision V5.24.2.0
Copyright (C) 2017 ARM Ltd and ARM Germany GmbH. All rights reserved.
License Information: a Microsoft, Microsoft, LIC=3UURA-1HT1D-355TX-HQZ2H-DZAP2-9CWLJ
 
Tool Versions:
Toolchain:       MDK-ARM Professional  Version: 5.24.1
Toolchain Path:  C:\Keil_v5\ARM\ARMCC\Bin
C Compiler:      Armcc.exe V5.06 update 5 (build 528)
Assembler:       Armasm.exe V5.06 update 5 (build 528)
Linker/Locator:  ArmLink.exe V5.06 update 5 (build 528)
Library Manager: ArmAr.exe V5.06 update 5 (build 528)
Hex Converter:   FromElf.exe V5.06 update 5 (build 528)
CPU DLL:         SARMCM3.DLL V5.24.1
Dialog DLL:      DARMP1.DLL V1.27.0.0
Target DLL:      CMSIS_AGDI.dll V1.28.3.0
Dialog DLL:      TARMP1.DLL V1.26.0.0
 
<h2>Project:</h2>
D:\Антон\Проекты\Шар с рельсой\Combo_Sphero\Шар-комбо LPC1768 - тестовая\lodka.uvproj
Project File Date:  03/12/2018

<h2>Output:</h2>
*** Using Compiler 'V5.06 update 5 (build 528)', folder: 'C:\Keil_v5\ARM\ARMCC\Bin'
Rebuild target 'mbed NXP LPC1768'
compiling mpu_functions.cpp...
mpu_functions.cpp(67): warning:  #128-D: loop is not reachable
  			while(1) ; // Loop forever if communication doesn't happen
mpu_functions.cpp: 1 warning, 0 errors
compiling Combo_sph.cpp...
compiling MPU9250.cpp...
linking...
Program Size: Code=45008 RO-data=3224 RW-data=268 ZI-data=2576  
After Build - User command #1: fromelf --bin -o build\lodka_LPC1768.bin build\lodka.axf
".\build\lodka.axf" - 0 Error(s), 1 Warning(s).
Build Time Elapsed:  00:00:01
</pre>
</body>
</html>
