Component: ARM Compiler 5.06 update 5 (build 528) Tool: armlink [4d35e2]

==============================================================================

Section Cross References

    combo_sph.o(.text) refers to pinmap_common.o(i.pinmap_pinout) for pinmap_pinout
    combo_sph.o(.text) refers to Stream.o(i._ZN4mbed6Stream6printfEPKcz) for mbed::Stream::printf(const char*, ...)
    combo_sph.o(.text) refers to combo_sph.o(i._ZN8My_motor13Set_directionEi) for My_motor::Set_direction(int)
    combo_sph.o(.text) refers to fflt_clz.o(x$fpl$ffltu) for __aeabi_ui2f
    combo_sph.o(.text) refers to fmul.o(x$fpl$fmul) for __aeabi_fmul
    combo_sph.o(.text) refers to combo_sph.o(i._ZN4mbed10DigitalOutaSEi) for mbed::DigitalOut::operator =(int)
    combo_sph.o(.text) refers to combo_sph.o(i._ZN8My_motor4StopEv) for My_motor::Stop()
    combo_sph.o(.text) refers to combo_sph.o(i._ZN6My_pid13Reset_on_zeroEv) for My_pid::Reset_on_zero()
    combo_sph.o(.text) refers to fdiv.o(x$fpl$fdiv) for __aeabi_fdiv
    combo_sph.o(.text) refers to f2d.o(x$fpl$f2d) for __aeabi_f2d
    combo_sph.o(.text) refers to fflt_clz.o(x$fpl$fflt) for __aeabi_i2f
    combo_sph.o(.text) refers to system_LPC17xx.o(.data) for SystemCoreClock
    combo_sph.o(.text) refers to combo_sph.o(.constdata) for PinMap_ADC
    combo_sph.o(.text) refers to combo_sph.o(.bss) for uart
    combo_sph.o(.text) refers to combo_sph.o(.data) for flag_uart
    combo_sph.o(.text) refers to combo_sph.o(i._ZN4mbed10DigitalOutcviEv) for mbed::DigitalOut::operator int()
    combo_sph.o(.text) refers to mpu9250.o(.text) for MPU9250::InitMPU(mbed::Serial*)
    combo_sph.o(.text) refers to Stream.o(i._ZN4mbed6Stream4getcEv) for mbed::Stream::getc()
    combo_sph.o(.text) refers to InterruptIn.o(i._ZN4mbed11InterruptIncviEv) for mbed::InterruptIn::operator int()
    combo_sph.o(.text) refers to InterruptIn.o(i._ZN4mbed11InterruptIn4fallEPFvvE) for mbed::InterruptIn::fall(void(*)())
    combo_sph.o(.text) refers to InterruptIn.o(i._ZN4mbed11InterruptIn4riseEPFvvE) for mbed::InterruptIn::rise(void(*)())
    combo_sph.o(.text) refers to pwmout_api.o(i.pwmout_period_us) for pwmout_period_us
    combo_sph.o(.text) refers to SerialBase.o(i._ZN4mbed10SerialBase4baudEi) for mbed::SerialBase::baud(int)
    combo_sph.o(.text) refers to SerialBase.o(i._ZN4mbed10SerialBase6attachEPFvvENS0_7IrqTypeE) for mbed::SerialBase::attach(void(*)(), mbed::SerialBase::IrqType)
    combo_sph.o(.text) refers to Stream.o(i._ZN4mbed6Stream4putcEi) for mbed::Stream::putc(int)
    combo_sph.o(.text) refers to Timer.o(i._ZN4mbed5Timer5startEv) for mbed::Timer::start()
    combo_sph.o(.text) refers to dflt_clz.o(x$fpl$dfltu) for __aeabi_ui2d
    combo_sph.o(.text) refers to dmul.o(x$fpl$dmul) for __aeabi_dmul
    combo_sph.o(.text) refers to d2f.o(x$fpl$d2f) for __aeabi_d2f
    combo_sph.o(.text) refers to combo_sph.o(i._ZN6My_pid18Calculate_feedbackEf) for My_pid::Calculate_feedback(float)
    combo_sph.o(.text) refers to combo_sph.o(i._ZN6My_pid24Calculate_feedback_rotorEffff) for My_pid::Calculate_feedback_rotor(float, float, float, float)
    combo_sph.o(.text) refers to wait_api.o(i.wait_us) for wait_us
    combo_sph.o(.text) refers to wait_api.o(i.wait_ms) for wait_ms
    combo_sph.o(.text) refers to daddsub_clz.o(x$fpl$dsub) for __aeabi_dsub
    combo_sph.o(.text) refers to daddsub_clz.o(x$fpl$dadd) for __aeabi_dadd
    combo_sph.o(.text) refers to combo_sph.o(i._ZN4mbed6PwmOutcvfEv) for mbed::PwmOut::operator float()
    combo_sph.o(.text) refers to faddsub_clz.o(x$fpl$frsb) for __aeabi_frsub
    combo_sph.o(.text) refers to combo_sph.o(i._ZN6My_pid13Calculate_pidEf) for My_pid::Calculate_pid(float)
    combo_sph.o(.text) refers to faddsub_clz.o(x$fpl$fadd) for __aeabi_fadd
    combo_sph.o(.text) refers to combo_sph.o(i._ZN4mbed6PwmOutaSEf) for mbed::PwmOut::operator =(float)
    combo_sph.o(.text) refers to dflt_clz.o(x$fpl$dflt) for __aeabi_i2d
    combo_sph.o(.text) refers to ddiv.o(x$fpl$ddiv) for __aeabi_ddiv
    combo_sph.o(.text) refers to fleqf.o(x$fpl$fleqf) for __aeabi_cfcmple
    combo_sph.o(.text) refers to faddsub_clz.o(x$fpl$fsub) for __aeabi_fsub
    combo_sph.o(.text) refers to Serial.o(i._ZN4mbed6SerialC1E7PinNameS1_PKc) for mbed::Serial::Serial(PinName, PinName, const char*)
    combo_sph.o(.text) refers to aeabi_atexit.o(.text) for __aeabi_atexit
    combo_sph.o(.text) refers to combo_sph.o(i._ZN8My_motorC1E7PinNameS0_S0_) for My_motor::My_motor(PinName, PinName, PinName)
    combo_sph.o(.text) refers to combo_sph.o(i._ZN4mbed10DigitalOutC1E7PinName) for mbed::DigitalOut::DigitalOut(PinName)
    combo_sph.o(.text) refers to InterruptIn.o(i._ZN4mbed11InterruptInC1E7PinName) for mbed::InterruptIn::InterruptIn(PinName)
    combo_sph.o(.text) refers to Timer.o(i._ZN4mbed5TimerC1Ev) for mbed::Timer::Timer()
    combo_sph.o(.text) refers to combo_sph.o(i._ZN4mbed6PwmOutC1E7PinName) for mbed::PwmOut::PwmOut(PinName)
[...]
    mbed::FilePath::fileSystem()             0x00006f43   Thumb Code    24  FilePath.o(i._ZN4mbed8FilePath10fileSystemEv)
    mbed::FilePath::file()                   0x00006f5b   Thumb Code    28  FilePath.o(i._ZN4mbed8FilePath4fileEv)
    mbed::FilePath::exists()                 0x00006f77   Thumb Code    10  FilePath.o(i._ZN4mbed8FilePath6existsEv)
    mbed::FilePath::isFile()                 0x00006f81   Thumb Code    24  FilePath.o(i._ZN4mbed8FilePath6isFileEv)
    mbed::FilePath::fileName()               0x00006f99   Thumb Code     4  FilePath.o(i._ZN4mbed8FilePath8fileNameEv)
    mbed::FilePath::FilePath(const char*)    0x00006f9d   Thumb Code    64  FilePath.o(i._ZN4mbed8FilePathC1EPKc)
    mbed::FilePath::FilePath__sub_object(const char*) 0x00006f9d   Thumb Code     0  FilePath.o(i._ZN4mbed8FilePathC1EPKc)
    mbed::mbed_getc(std::__FILE*)            0x00006fdd   Thumb Code     4  retarget.o(i._ZN4mbed9mbed_getcEPSt6__FILE)
    My_pid::Calculate_pid(float)             0x00006fe1   Thumb Code   140  combo_sph.o(i._ZN6My_pid13Calculate_pidEf)
    My_pid::Reset_on_zero()                  0x0000706d   Thumb Code    18  combo_sph.o(i._ZN6My_pid13Reset_on_zeroEv)
    My_pid::Calculate_feedback(float)        0x00007081   Thumb Code   126  combo_sph.o(i._ZN6My_pid18Calculate_feedbackEf)
    My_pid::Calculate_feedback_rotor(float, float, float, float) 0x00007109   Thumb Code   184  combo_sph.o(i._ZN6My_pid24Calculate_feedback_rotorEffff)
    My_pid::My_pid()                         0x000071c9   Thumb Code    58  combo_sph.o(i._ZN6My_pidC1Ev)
    My_pid::My_pid__sub_object()             0x000071c9   Thumb Code     0  combo_sph.o(i._ZN6My_pidC1Ev)
    My_motor::Set_direction(int)             0x00007219   Thumb Code    90  combo_sph.o(i._ZN8My_motor13Set_directionEi)
    My_motor::Stop()                         0x00007273   Thumb Code    32  combo_sph.o(i._ZN8My_motor4StopEv)
    My_motor::My_motor(PinName, PinName, PinName) 0x00007293   Thumb Code    98  combo_sph.o(i._ZN8My_motorC1E7PinNameS0_S0_)
    My_motor::My_motor__sub_object(PinName, PinName, PinName) 0x00007293   Thumb Code     0  combo_sph.o(i._ZN8My_motorC1E7PinNameS0_S0_)
    std::sqrt(float)                         0x000072f5   Thumb Code    12  mpu9250.o(i._ZSt4sqrtf)
    thunk{-64} to mbed::Serial::_getc()      0x00007301   Thumb Code     6  Serial.o(i._ZThn64_N4mbed6Serial5_getcEv)
    thunk{-64} to mbed::Serial::_putc(int)   0x00007307   Thumb Code     6  Serial.o(i._ZThn64_N4mbed6Serial5_putcEi)
    __ARM_fpclassify                         0x0000730d   Thumb Code    40  fpclassify.o(i.__ARM_fpclassify)
    __ARM_fpclassifyf                        0x00007335   Thumb Code    38  fpclassifyf.o(i.__ARM_fpclassifyf)
    __aeabi_vec_ctor_nocookie_nodtor         0x0000735b   Thumb Code    36  aeabi_vec_ctor_nocookie_nodtor.o(i.__aeabi_vec_ctor_nocookie_nodtor)
    __cxa_pure_virtual                       0x0000737f   Thumb Code     6  pure_virt.o(i.__cxa_pure_virtual)
    __kernel_poly                            0x00007385   Thumb Code   170  poly.o(i.__kernel_poly)
    __mathlib_dbl_divzero                    0x00007431   Thumb Code    12  dunder.o(i.__mathlib_dbl_divzero)
    __mathlib_dbl_infnan                     0x00007441   Thumb Code     6  dunder.o(i.__mathlib_dbl_infnan)
    __mathlib_dbl_infnan2                    0x00007447   Thumb Code     4  dunder.o(i.__mathlib_dbl_infnan2)
    __mathlib_dbl_invalid                    0x0000744b   Thumb Code    12  dunder.o(i.__mathlib_dbl_invalid)
    __mathlib_dbl_overflow                   0x00007457   Thumb Code    14  dunder.o(i.__mathlib_dbl_overflow)
    __mathlib_dbl_underflow                  0x00007465   Thumb Code    10  dunder.o(i.__mathlib_dbl_underflow)
    __mathlib_flt_infnan                     0x00007475   Thumb Code     6  funder.o(i.__mathlib_flt_infnan)
    __mathlib_flt_underflow                  0x0000747b   Thumb Code    10  funder.o(i.__mathlib_flt_underflow)
    __user_setup_stackheap                   0x00007485   Thumb Code    10  sys.o(i.__user_setup_stackheap)
    _is_digit                                0x00007495   Thumb Code    14  __printf_wp.o(i._is_digit)
    _sys_close                               0x000074a5   Thumb Code    40  retarget.o(i._sys_close)
    _sys_flen                                0x000074d1   Thumb Code    34  retarget.o(i._sys_flen)
    _sys_istty                               0x000074f9   Thumb Code    34  retarget.o(i._sys_istty)
    _sys_open                                0x00007521   Thumb Code   300  retarget.o(i._sys_open)
    _sys_read                                0x0000766d   Thumb Code    70  retarget.o(i._sys_read)
    _sys_seek                                0x000076c5   Thumb Code    36  retarget.o(i._sys_seek)
    _sys_write                               0x000076ed   Thumb Code    82  retarget.o(i._sys_write)
    atan                                     0x00007751   Thumb Code   474  atan.o(i.atan)
    atanf                                    0x00007971   Thumb Code   324  atanf.o(i.atanf)
    error                                    0x00007aed   Thumb Code    20  error.o(i.error)
    exit                                     0x00007b05   Thumb Code    36  retarget.o(i.exit)
    fgetc                                    0x00007b31   Thumb Code    24  fgetc.o(i.fgetc)
    fputc                                    0x00007b49   Thumb Code    26  fputc.o(i.fputc)
    get_us_ticker_data                       0x00007b65   Thumb Code     4  us_ticker_api.o(i.get_us_ticker_data)
    gpio_dir                                 0x00007b6d   Thumb Code    54  gpio_api.o(i.gpio_dir)
    gpio_init                                0x00007bc1   Thumb Code    58  gpio_api.o(i.gpio_init)
    gpio_init_in                             0x00007bfb   Thumb Code    40  gpio.o(i.gpio_init_in)
    gpio_init_out                            0x00007c25   Thumb Code    64  gpio.o(i.gpio_init_out)
    gpio_init_out_ex                         0x00007c6d   Thumb Code    76  gpio.o(i.gpio_init_out_ex)
    gpio_irq_free                            0x00007cd5   Thumb Code    12  gpio_irq_api.o(i.gpio_irq_free)
    gpio_irq_init                            0x00007ce5   Thumb Code    92  gpio_irq_api.o(i.gpio_irq_init)
    gpio_irq_set                             0x00007d85   Thumb Code   196  gpio_irq_api.o(i.gpio_irq_set)
    gpio_mode                                0x00007e4d   Thumb Code     6  gpio_api.o(i.gpio_mode)
    i2c_frequency                            0x00007f45   Thumb Code    22  i2c_api.o(i.i2c_frequency)
    i2c_init                                 0x00007f61   Thumb Code   172  i2c_api.o(i.i2c_init)
    i2c_read                                 0x00008039   Thumb Code   350  i2c_api.o(i.i2c_read)
    i2c_stop                                 0x0000819d   Thumb Code    52  i2c_api.o(i.i2c_stop)
    i2c_write                                0x000081d5   Thumb Code   270  i2c_api.o(i.i2c_write)
    mbed_assert_internal                     0x000082e9   Thumb Code    12  assert.o(i.mbed_assert_internal)
    mbed_die                                 0x00008329   Thumb Code   242  board.o(i.mbed_die)
    mbed_interface_connected                 0x00008449   Thumb Code     4  mbed_interface.o(i.mbed_interface_connected)
    mbed_main                                0x0000844d   Thumb Code     2  retarget.o(i.mbed_main)
    mbed_sdk_init                            0x0000844f   Thumb Code     2  retarget.o(i.mbed_sdk_init)
    pin_function                             0x00008451   Thumb Code    68  pinmap.o(i.pin_function)
    pin_mode                                 0x000084ad   Thumb Code   120  pinmap.o(i.pin_mode)
    pinmap_find_peripheral                   0x0000853d   Thumb Code    34  pinmap_common.o(i.pinmap_find_peripheral)
    pinmap_merge                             0x00008561   Thumb Code    38  pinmap_common.o(i.pinmap_merge)
    pinmap_peripheral                        0x0000859d   Thumb Code    58  pinmap_common.o(i.pinmap_peripheral)
    pinmap_pinout                            0x000085f9   Thumb Code    66  pinmap_common.o(i.pinmap_pinout)
    pow                                      0x00008651   Thumb Code  2512  pow.o(i.pow)
    pwmout_init                              0x00009029   Thumb Code   202  pwmout_api.o(i.pwmout_init)
    pwmout_period_us                         0x00009129   Thumb Code    46  pwmout_api.o(i.pwmout_period_us)
    pwmout_read                              0x00009161   Thumb Code    40  pwmout_api.o(i.pwmout_read)
    pwmout_write                             0x0000918d   Thumb Code    74  pwmout_api.o(i.pwmout_write)
    semihost_connected                       0x000091dd   Thumb Code    10  semihost_api.o(i.semihost_connected)
    semihost_exit                            0x000091ed   Thumb Code    12  semihost_api.o(i.semihost_exit)
    serial_baud                              0x000091f9   Thumb Code   408  serial_api.o(i.serial_baud)
    serial_getc                              0x000093bd   Thumb Code    52  serial_api.o(i.serial_getc)
    serial_init                              0x000093f5   Thumb Code   344  serial_api.o(i.serial_init)
    serial_irq_handler                       0x00009575   Thumb Code    18  serial_api.o(i.serial_irq_handler)
    serial_irq_set                           0x00009591   Thumb Code    24  serial_api.o(i.serial_irq_set)
    serial_putc                              0x00009679   Thumb Code   100  serial_api.o(i.serial_putc)
    serial_set_flow_control                  0x000096e1   Thumb Code   252  serial_api.o(i.serial_set_flow_control)
    sqrt                                     0x000097ed   Thumb Code    76  sqrt.o(i.sqrt)
    sqrtf                                    0x00009839   Thumb Code    44  sqrtf.o(i.sqrtf)
    ticker_irq_handler                       0x00009865   Thumb Code    78  ticker_api.o(i.ticker_irq_handler)
    ticker_read                              0x000098b3   Thumb Code     6  ticker_api.o(i.ticker_read)
    uart0_irq                                0x000098b9   Thumb Code    14  serial_api.o(i.uart0_irq)
    uart1_irq                                0x000098cd   Thumb Code    14  serial_api.o(i.uart1_irq)
    uart2_irq                                0x000098e1   Thumb Code    14  serial_api.o(i.uart2_irq)
    uart3_irq                                0x000098f5   Thumb Code    14  serial_api.o(i.uart3_irq)
    us_ticker_clear_interrupt                0x00009971   Thumb Code     8  us_ticker.o(i.us_ticker_clear_interrupt)
    us_ticker_disable_interrupt              0x0000997d   Thumb Code    12  us_ticker.o(i.us_ticker_disable_interrupt)
    us_ticker_init                           0x0000998d   Thumb Code    76  us_ticker.o(i.us_ticker_init)
    us_ticker_irq_handler                    0x000099f1   Thumb Code     6  us_ticker_api.o(i.us_ticker_irq_handler)
    us_ticker_read                           0x000099fd   Thumb Code    74  us_ticker.o(i.us_ticker_read)
    us_ticker_set_interrupt                  0x00009a61   Thumb Code    14  us_ticker.o(i.us_ticker_set_interrupt)
    wait                                     0x00009a75   Thumb Code    32  wait_api.o(i.wait)
    wait_ms                                  0x00009a99   Thumb Code    28  wait_api.o(i.wait_ms)
    wait_us                                  0x00009ab5   Thumb Code    24  wait_api.o(i.wait_us)
    _get_lc_numeric                          0x00009acd   Thumb Code    44  lc_numeric_c.o(locale$$code)
    _get_lc_ctype                            0x00009af9   Thumb Code    44  lc_ctype_c.o(locale$$code)
    __aeabi_d2f                              0x00009b25   Thumb Code     0  d2f.o(x$fpl$d2f)
    _d2f                                     0x00009b25   Thumb Code    98  d2f.o(x$fpl$d2f)
    __aeabi_dadd                             0x00009b89   Thumb Code     0  daddsub_clz.o(x$fpl$dadd)
    _dadd                                    0x00009b89   Thumb Code   332  daddsub_clz.o(x$fpl$dadd)
    __fpl_dcheck_NaN1                        0x00009cd9   Thumb Code    10  dcheck1.o(x$fpl$dcheck1)
    __fpl_dcmp_Inf                           0x00009ce9   Thumb Code    24  dcmpi.o(x$fpl$dcmpinf)
    __aeabi_ddiv                             0x00009d01   Thumb Code     0  ddiv.o(x$fpl$ddiv)
    _ddiv                                    0x00009d01   Thumb Code   552  ddiv.o(x$fpl$ddiv)
    __aeabi_i2d                              0x00009fb1   Thumb Code     0  dflt_clz.o(x$fpl$dflt)
    _dflt                                    0x00009fb1   Thumb Code    46  dflt_clz.o(x$fpl$dflt)
    __aeabi_ui2d                             0x00009fdf   Thumb Code     0  dflt_clz.o(x$fpl$dfltu)
    _dfltu                                   0x00009fdf   Thumb Code    38  dflt_clz.o(x$fpl$dfltu)
    __aeabi_cdcmple                          0x0000a005   Thumb Code     0  dleqf.o(x$fpl$dleqf)
    _dcmple                                  0x0000a005   Thumb Code   120  dleqf.o(x$fpl$dleqf)
    __fpl_dcmple_InfNaN                      0x0000a067   Thumb Code     0  dleqf.o(x$fpl$dleqf)
    __aeabi_dmul                             0x0000a07d   Thumb Code     0  dmul.o(x$fpl$dmul)
    _dmul                                    0x0000a07d   Thumb Code   332  dmul.o(x$fpl$dmul)
    __fpl_dnaninf                            0x0000a1d1   Thumb Code   156  dnaninf.o(x$fpl$dnaninf)
    __fpl_dretinf                            0x0000a26d   Thumb Code    12  dretinf.o(x$fpl$dretinf)
    __aeabi_cdrcmple                         0x0000a279   Thumb Code     0  drleqf.o(x$fpl$drleqf)
    _drcmple                                 0x0000a279   Thumb Code   108  drleqf.o(x$fpl$drleqf)
    __aeabi_drsub                            0x0000a2e5   Thumb Code     0  daddsub_clz.o(x$fpl$drsb)
    _drsb                                    0x0000a2e5   Thumb Code    22  daddsub_clz.o(x$fpl$drsb)
    _dsqrt                                   0x0000a2fd   Thumb Code   456  dsqrt_noumaal.o(x$fpl$dsqrt)
    __aeabi_dsub                             0x0000a4c9   Thumb Code     0  daddsub_clz.o(x$fpl$dsub)
    _dsub                                    0x0000a4c9   Thumb Code   464  daddsub_clz.o(x$fpl$dsub)
    __aeabi_f2d                              0x0000a69d   Thumb Code     0  f2d.o(x$fpl$f2d)
    _f2d                                     0x0000a69d   Thumb Code    86  f2d.o(x$fpl$f2d)
    __aeabi_fadd                             0x0000a6f5   Thumb Code     0  faddsub_clz.o(x$fpl$fadd)
    _fadd                                    0x0000a6f5   Thumb Code   196  faddsub_clz.o(x$fpl$fadd)
    __fpl_fcheck_NaN1                        0x0000a7b9   Thumb Code     6  fcheck1.o(x$fpl$fcheck1)
    __fpl_fcmp_Inf                           0x0000a7c5   Thumb Code    24  fcmpi.o(x$fpl$fcmpinf)
    __aeabi_fdiv                             0x0000a7dd   Thumb Code     0  fdiv.o(x$fpl$fdiv)
    _fdiv                                    0x0000a7dd   Thumb Code   384  fdiv.o(x$fpl$fdiv)
    __aeabi_cfcmpeq                          0x0000a961   Thumb Code     0  feqf.o(x$fpl$feqf)
    _fcmpeq                                  0x0000a961   Thumb Code   104  feqf.o(x$fpl$feqf)
    __aeabi_f2iz                             0x0000a9c9   Thumb Code     0  ffix.o(x$fpl$ffix)
    _ffix                                    0x0000a9c9   Thumb Code    54  ffix.o(x$fpl$ffix)
    __aeabi_f2uiz                            0x0000aa01   Thumb Code     0  ffixu.o(x$fpl$ffixu)
    _ffixu                                   0x0000aa01   Thumb Code    62  ffixu.o(x$fpl$ffixu)
    __aeabi_i2f                              0x0000aa41   Thumb Code     0  fflt_clz.o(x$fpl$fflt)
    _fflt                                    0x0000aa41   Thumb Code    48  fflt_clz.o(x$fpl$fflt)
    __aeabi_ui2f                             0x0000aa71   Thumb Code     0  fflt_clz.o(x$fpl$ffltu)
    _ffltu                                   0x0000aa71   Thumb Code    38  fflt_clz.o(x$fpl$ffltu)
    __aeabi_cfcmple                          0x0000aa99   Thumb Code     0  fleqf.o(x$fpl$fleqf)
    _fcmple                                  0x0000aa99   Thumb Code   104  fleqf.o(x$fpl$fleqf)
    __fpl_fcmple_InfNaN                      0x0000aaeb   Thumb Code     0  fleqf.o(x$fpl$fleqf)
    __aeabi_fmul                             0x0000ab01   Thumb Code     0  fmul.o(x$fpl$fmul)
    _fmul                                    0x0000ab01   Thumb Code   258  fmul.o(x$fpl$fmul)
    __fpl_fnaninf                            0x0000ac03   Thumb Code   140  fnaninf.o(x$fpl$fnaninf)
    __fpl_fretinf                            0x0000ac8f   Thumb Code    10  fretinf.o(x$fpl$fretinf)
    __aeabi_cfrcmple                         0x0000ac99   Thumb Code     0  frleqf.o(x$fpl$frleqf)
    _frcmple                                 0x0000ac99   Thumb Code    98  frleqf.o(x$fpl$frleqf)
    __aeabi_frsub                            0x0000acfb   Thumb Code     0  faddsub_clz.o(x$fpl$frsb)
    _frsb                                    0x0000acfb   Thumb Code    20  faddsub_clz.o(x$fpl$frsb)
    _fsqrt                                   0x0000ad11   Thumb Code   272  fsqrt.o(x$fpl$fsqrt)
    __aeabi_fsub                             0x0000ae21   Thumb Code     0  faddsub_clz.o(x$fpl$fsub)
    _fsub                                    0x0000ae21   Thumb Code   234  faddsub_clz.o(x$fpl$fsub)
    _printf_fp_dec                           0x0000af0b   Thumb Code     4  printf1.o(x$fpl$printf1)
    _printf_fp_hex                           0x0000af0f   Thumb Code     4  printf2.o(x$fpl$printf2)
    __fpl_return_NaN                         0x0000af13   Thumb Code   100  retnan.o(x$fpl$retnan)
    __ARM_scalbn                             0x0000af77   Thumb Code    92  scalbn.o(x$fpl$scalbn)
    __ARM_scalbnf                            0x0000afd3   Thumb Code    76  scalbnf.o(x$fpl$scalbnf)
    __fpl_cmpreturn                          0x0000b01f   Thumb Code    48  trapv.o(x$fpl$trapveneer)
    __I$use$fp                               0x0000b04e   Number         0  usenofp.o(x$fpl$usenofp)
    __stdin_name                             0x0000b0bc   Data           7  retarget.o(.constdata)
    __stdout_name                            0x0000b0c3   Data           8  retarget.o(.constdata)
    __stderr_name                            0x0000b0cb   Data           8  retarget.o(.constdata)
    __mathlib_zero                           0x0000b4c0   Data           8  qnan.o(.constdata)
    vtable for mbed::FileHandle              0x0000b584   Data          44  retarget.o(.constdata__ZTVN4mbed10FileHandleE)
    vtable for mbed::SerialBase              0x0000b5b0   Data          16  SerialBase.o(.constdata__ZTVN4mbed10SerialBaseE)
    vtable for mbed::InterruptIn             0x0000b5c0   Data          16  InterruptIn.o(.constdata__ZTVN4mbed11InterruptInE)
    vtable for mbed::Serial                  0x0000b5d0   Data          92  Serial.o(.constdata__ZTVN4mbed6SerialE)
    vtable for mbed::Stream                  0x0000b62c   Data          68  Stream.o(.constdata__ZTVN4mbed6StreamE)
    vtable for mbed::FileBase                0x0000b670   Data          16  FileBase.o(.constdata__ZTVN4mbed8FileBaseE)
    vtable for mbed::FileLike                0x0000b680   Data          60  FileLike.o(.constdata__ZTVN4mbed8FileLikeE)
    Region$$Table$$Base                      0x0000bacc   Number         0  anon$$obj.o(Region$$Table)
    Region$$Table$$Limit                     0x0000baec   Number         0  anon$$obj.o(Region$$Table)
    __ctype                                  0x0000bb15   Data           0  lc_ctype_c.o(locale$$data)
    SHT$$INIT_ARRAY$$Base                    0x0000bc18   Number         0  combo_sph.o(.init_array)
    SHT$$INIT_ARRAY$$Limit                   0x0000bc20   Number         0  init_aeabi.o(.init_array)
    debug_buffer_count                       0x100000c8   Data           4  combo_sph.o(.data)
    buffer                                   0x100000cc   Data           6  combo_sph.o(.data)
    flag_uart                                0x100000d2   Data           1  combo_sph.o(.data)
    timeout                                  0x100000d4   Data           4  combo_sph.o(.data)
    timeout_set                              0x100000d8   Data           4  combo_sph.o(.data)
    count_bufer                              0x100000dc   Data           4  combo_sph.o(.data)
    V_zero1                                  0x100000e0   Data           4  combo_sph.o(.data)
    V_zero2                                  0x100000e4   Data           4  combo_sph.o(.data)
    Current1_ma                              0x100000e8   Data           4  combo_sph.o(.data)
    Current2_ma                              0x100000ec   Data           4  combo_sph.o(.data)
    sum                                      0x100000f0   Data           4  combo_sph.o(.data)
    sumCount                                 0x100000f4   Data           4  combo_sph.o(.data)
    p                                        0x100000f8   Data           8  combo_sph.o(.data)
    n1                                       0x10000100   Data           4  combo_sph.o(.data)
    n2                                       0x10000104   Data           4  combo_sph.o(.data)
    Ascale                                   0x10000120   Data           1  mpu9250.o(.data)
    Gscale                                   0x10000121   Data           1  mpu9250.o(.data)
    Mscale                                   0x10000122   Data           1  mpu9250.o(.data)
    Mmode                                    0x10000123   Data           1  mpu9250.o(.data)
    aRes                                     0x10000124   Data           4  mpu9250.o(.data)
    gRes                                     0x10000128   Data           4  mpu9250.o(.data)
    mRes                                     0x1000012c   Data           4  mpu9250.o(.data)
    i2c                                      0x10000130   Data           8  mpu9250.o(.data)
    intPin                                   0x10000138   Data           4  mpu9250.o(.data)
    tempCount                                0x1000013c   Data           2  mpu9250.o(.data)
    temperature                              0x10000140   Data           4  mpu9250.o(.data)
    PI                                       0x10000144   Data           4  mpu9250.o(.data)
    GyroMeasError                            0x10000148   Data           4  mpu9250.o(.data)
    beta                                     0x1000014c   Data           4  mpu9250.o(.data)
    GyroMeasDrift                            0x10000150   Data           4  mpu9250.o(.data)
    zeta                                     0x10000154   Data           4  mpu9250.o(.data)
    pitch                                    0x10000158   Data           4  mpu9250.o(.data)
    yaw                                      0x1000015c   Data           4  mpu9250.o(.data)
    roll                                     0x10000160   Data           4  mpu9250.o(.data)
    q                                        0x10000164   Data          16  mpu9250.o(.data)
    SystemCoreClock                          0x10000174   Data           4  system_LPC17xx.o(.data)
    PWM_MATCH                                0x1000017c   Data          28  pwmout_api.o(.data)
    stdio_uart_inited                        0x10000198   Data           4  serial_api.o(.data)
    stdio_uart                               0x100001a0   Data           8  serial_api.o(.data)
    mbed::I2C::_owner                        0x100001a8   Data           4  I2C.o(.data)
    us_ticker_inited                         0x100001b0   Data           4  us_ticker.o(.data)
    mbed::FileBase::_head                    0x100001b4   Data           4  FileBase.o(.data)
    __aeabi_stdin                            0x100001c0   Data           4  stdio_streams.o(.data)
    __aeabi_stdout                           0x100001c4   Data           4  stdio_streams.o(.data)
    __aeabi_stderr                           0x100001c8   Data           4  stdio_streams.o(.data)
    uart                                     0x100001d0   Data          88  combo_sph.o(.bss)
    Wheel                                    0x10000228   Data         148  combo_sph.o(.bss)
    Rotor                                    0x100002bc   Data         148  combo_sph.o(.bss)
    myled1                                   0x10000350   Data          24  combo_sph.o(.bss)
    myled3                                   0x10000368   Data          24  combo_sph.o(.bss)
    myled4                                   0x10000380   Data          24  combo_sph.o(.bss)
    Enc_A1                                   0x10000398   Data          88  combo_sph.o(.bss)
    Enc_B1                                   0x100003f0   Data          88  combo_sph.o(.bss)
    Enc_A2                                   0x10000448   Data          88  combo_sph.o(.bss)
    Enc_B2                                   0x100004a0   Data          88  combo_sph.o(.bss)
    debug_buffer                             0x100004f8   Data         800  combo_sph.o(.bss)
    mpu9250                                  0x10000818   Data          56  combo_sph.o(.bss)
    t                                        0x10000850   Data          16  combo_sph.o(.bss)
    test_p8                                  0x10000860   Data          24  combo_sph.o(.bss)
    myled                                    0x10000878   Data          24  mpu9250.o(.bss)
    magCalibration                           0x10000890   Data          12  mpu9250.o(.bss)
    magbias                                  0x1000089c   Data          12  mpu9250.o(.bss)
    gyroBias                                 0x100008a8   Data          12  mpu9250.o(.bss)
    accelBias                                0x100008b4   Data          12  mpu9250.o(.bss)
    SelfTest                                 0x100008c0   Data          24  mpu9250.o(.bss)
    eInt                                     0x100008d8   Data          12  mpu9250.o(.bss)
    __stdin                                  0x10000ac4   Data          84  stdio_streams.o(.bss)
    __stdout                                 0x10000b18   Data          84  stdio_streams.o(.bss)
    __stderr                                 0x10000b6c   Data          84  stdio_streams.o(.bss)
    Image$$RW_IRAM1$$ZI$$Limit               0x10000be0   Number         0  anon$$obj.o ABSOLUTE



==============================================================================

Memory Map of the image

  Image Entry point : 0x000000c5

  Load Region LR_IROM1 (Base: 0x00000000, Size: 0x0000bd28, Max: 0x00080000, ABSOLUTE)

    Execution Region ER_IROM1 (Exec base: 0x00000000, Load base: 0x00000000, Size: 0x0000bc20, Max: 0x00080000, ABSOLUTE)

    Exec Addr    Load Addr    Size         Type   Attr      Idx    E Section Name        Object

    0x00000000   0x00000000   0x000000c4   Data   RO          753    RESET               startup_LPC17xx.o
    0x000000c4   0x000000c4   0x00000008   Code   RO         1640  * !!!main             c_w.l(__main.o)
    0x000000cc   0x000000cc   0x00000034   Code   RO         2551    !!!scatter          c_w.l(__scatter.o)
    0x00000100   0x00000100   0x0000001a   Code   RO         2553    !!handler_copy      c_w.l(__scatter_copy.o)
    0x0000011a   0x0000011a   0x00000002   PAD
    0x0000011c   0x0000011c   0x0000001c   Code   RO         2555    !!handler_zi        c_w.l(__scatter_zi.o)
    0x00000138   0x00000138   0x00000000   Code   RO         1579    .ARM.Collect$$_printf_percent$$00000000  c_w.l(_printf_percent.o)
    0x00000138   0x00000138   0x00000006   Code   RO         1969    .ARM.Collect$$_printf_percent$$00000001  c_w.l(_printf_n.o)
    0x0000013e   0x0000013e   0x00000006   Code   RO         1578    .ARM.Collect$$_printf_percent$$00000002  c_w.l(_printf_p.o)
    0x00000144   0x00000144   0x00000006   Code   RO         1975    .ARM.Collect$$_printf_percent$$00000003  c_w.l(_printf_f.o)
    0x0000014a   0x0000014a   0x00000006   Code   RO         1976    .ARM.Collect$$_printf_percent$$00000004  c_w.l(_printf_e.o)
    0x00000150   0x00000150   0x00000006   Code   RO         1977    .ARM.Collect$$_printf_percent$$00000005  c_w.l(_printf_g.o)
    0x00000156   0x00000156   0x00000006   Code   RO         1978    .ARM.Collect$$_printf_percent$$00000006  c_w.l(_printf_a.o)
    0x0000015c   0x0000015c   0x0000000a   Code   RO         1983    .ARM.Collect$$_printf_percent$$00000007  c_w.l(_printf_ll.o)
    0x00000166   0x00000166   0x00000006   Code   RO         1972    .ARM.Collect$$_printf_percent$$00000008  c_w.l(_printf_i.o)
    0x0000016c   0x0000016c   0x00000006   Code   RO         1973    .ARM.Collect$$_printf_percent$$00000009  c_w.l(_printf_d.o)
    0x00000172   0x00000172   0x00000006   Code   RO         1974    .ARM.Collect$$_printf_percent$$0000000A  c_w.l(_printf_u.o)
    0x00000178   0x00000178   0x00000006   Code   RO         1971    .ARM.Collect$$_printf_percent$$0000000B  c_w.l(_printf_o.o)
    0x0000017e   0x0000017e   0x00000006   Code   RO         1970    .ARM.Collect$$_printf_percent$$0000000C  c_w.l(_printf_x.o)
    0x00000184   0x00000184   0x00000006   Code   RO         1980    .ARM.Collect$$_printf_percent$$0000000D  c_w.l(_printf_lli.o)
    0x0000018a   0x0000018a   0x00000006   Code   RO         1981    .ARM.Collect$$_printf_percent$$0000000E  c_w.l(_printf_lld.o)
    0x00000190   0x00000190   0x00000006   Code   RO         1982    .ARM.Collect$$_printf_percent$$0000000F  c_w.l(_printf_llu.o)
    0x00000196   0x00000196   0x00000006   Code   RO         1987    .ARM.Collect$$_printf_percent$$00000010  c_w.l(_printf_llo.o)
    0x0000019c   0x0000019c   0x00000006   Code   RO         1988    .ARM.Collect$$_printf_percent$$00000011  c_w.l(_printf_llx.o)
    0x000001a2   0x000001a2   0x0000000a   Code   RO         1984    .ARM.Collect$$_printf_percent$$00000012  c_w.l(_printf_l.o)
    0x000001ac   0x000001ac   0x00000006   Code   RO         1967    .ARM.Collect$$_printf_percent$$00000013  c_w.l(_printf_c.o)
    0x000001b2   0x000001b2   0x00000006   Code   RO         1968    .ARM.Collect$$_printf_percent$$00000014  c_w.l(_printf_s.o)
    0x000001b8   0x000001b8   0x00000006   Code   RO         1985    .ARM.Collect$$_printf_percent$$00000015  c_w.l(_printf_lc.o)
    0x000001be   0x000001be   0x00000006   Code   RO         1986    .ARM.Collect$$_printf_percent$$00000016  c_w.l(_printf_ls.o)
    0x000001c4   0x000001c4   0x00000004   Code   RO         1979    .ARM.Collect$$_printf_percent$$00000017  c_w.l(_printf_percent_end.o)
    0x000001c8   0x000001c8   0x00000002   Code   RO         2450    .ARM.Collect$$libinit$$00000000  c_w.l(libinit.o)
    0x000001ca   0x000001ca   0x00000000   Code   RO         2038    .ARM.Collect$$libinit$$00000002  c_w.l(libinit2.o)
    0x000001ca   0x000001ca   0x00000000   Code   RO         2040    .ARM.Collect$$libinit$$00000004  c_w.l(libinit2.o)
    0x000001ca   0x000001ca   0x00000008   Code   RO         2041    .ARM.Collect$$libinit$$00000005  c_w.l(libinit2.o)
    0x000001d2   0x000001d2   0x00000000   Code   RO         2043    .ARM.Collect$$libinit$$0000000A  c_w.l(libinit2.o)
    0x000001d2   0x000001d2   0x00000000   Code   RO         2045    .ARM.Collect$$libinit$$0000000C  c_w.l(libinit2.o)
    0x000001d2   0x000001d2   0x00000000   Code   RO         2047    .ARM.Collect$$libinit$$0000000E  c_w.l(libinit2.o)
    0x000001d2   0x000001d2   0x00000006   Code   RO         2048    .ARM.Collect$$libinit$$0000000F  c_w.l(libinit2.o)
    0x000001d8   0x000001d8   0x00000000   Code   RO         2050    .ARM.Collect$$libinit$$00000011  c_w.l(libinit2.o)
    0x000001d8   0x000001d8   0x0000000c   Code   RO         2051    .ARM.Collect$$libinit$$00000012  c_w.l(libinit2.o)
    0x000001e4   0x000001e4   0x00000000   Code   RO         2052    .ARM.Collect$$libinit$$00000013  c_w.l(libinit2.o)
    0x000001e4   0x000001e4   0x00000000   Code   RO         2054    .ARM.Collect$$libinit$$00000015  c_w.l(libinit2.o)
    0x000001e4   0x000001e4   0x0000000a   Code   RO         2055    .ARM.Collect$$libinit$$00000016  c_w.l(libinit2.o)
    0x000001ee   0x000001ee   0x00000000   Code   RO         2056    .ARM.Collect$$libinit$$00000017  c_w.l(libinit2.o)
    0x000001ee   0x000001ee   0x00000000   Code   RO         2058    .ARM.Collect$$libinit$$00000019  c_w.l(libinit2.o)
    0x000001ee   0x000001ee   0x00000000   Code   RO         2060    .ARM.Collect$$libinit$$0000001B  c_w.l(libinit2.o)
    0x000001ee   0x000001ee   0x00000000   Code   RO         2062    .ARM.Collect$$libinit$$0000001D  c_w.l(libinit2.o)
    0x000001ee   0x000001ee   0x00000000   Code   RO         2064    .ARM.Collect$$libinit$$0000001F  c_w.l(libinit2.o)
    0x000001ee   0x000001ee   0x00000000   Code   RO         2066    .ARM.Collect$$libinit$$00000021  c_w.l(libinit2.o)
    0x000001ee   0x000001ee   0x00000000   Code   RO         2068    .ARM.Collect$$libinit$$00000023  c_w.l(libinit2.o)
    0x000001ee   0x000001ee   0x00000004   Code   RO         2069    .ARM.Collect$$libinit$$00000024  c_w.l(libinit2.o)
    0x000001f2   0x000001f2   0x00000000   Code   RO         2070    .ARM.Collect$$libinit$$00000025  c_w.l(libinit2.o)
    0x000001f2   0x000001f2   0x00000000   Code   RO         2074    .ARM.Collect$$libinit$$0000002C  c_w.l(libinit2.o)
    0x000001f2   0x000001f2   0x00000000   Code   RO         2076    .ARM.Collect$$libinit$$0000002E  c_w.l(libinit2.o)
    0x000001f2   0x000001f2   0x00000000   Code   RO         2078    .ARM.Collect$$libinit$$00000030  c_w.l(libinit2.o)
    0x000001f2   0x000001f2   0x00000004   Code   RO         2079    .ARM.Collect$$libinit$$00000031  c_w.l(libinit2.o)
    0x000001f6   0x000001f6   0x00000000   Code   RO         2080    .ARM.Collect$$libinit$$00000032  c_w.l(libinit2.o)
    0x000001f6   0x000001f6   0x00000002   Code   RO         2081    .ARM.Collect$$libinit$$00000033  c_w.l(libinit2.o)
    0x000001f8   0x000001f8   0x00000000   Code   RO         2310    .ARM.Collect$$libshutdown$$00000002  c_w.l(libshutdown2.o)
    0x000001f8   0x000001f8   0x00000000   Code   RO         2312    .ARM.Collect$$libshutdown$$00000004  c_w.l(libshutdown2.o)
    0x000001f8   0x000001f8   0x00000000   Code   RO         1859    .ARM.Collect$$rtentry$$00000000  c_w.l(__rtentry.o)
    0x000001f8   0x000001f8   0x00000000   Code   RO         2192    .ARM.Collect$$rtentry$$00000002  c_w.l(__rtentry2.o)
    0x000001f8   0x000001f8   0x00000006   Code   RO         2204    .ARM.Collect$$rtentry$$00000004  c_w.l(__rtentry4.o)
    0x000001fe   0x000001fe   0x00000000   Code   RO         2194    .ARM.Collect$$rtentry$$00000009  c_w.l(__rtentry2.o)
    0x000001fe   0x000001fe   0x00000004   Code   RO         2195    .ARM.Collect$$rtentry$$0000000A  c_w.l(__rtentry2.o)
    0x00000202   0x00000202   0x00000000   Code   RO         2197    .ARM.Collect$$rtentry$$0000000C  c_w.l(__rtentry2.o)
    0x00000202   0x00000202   0x00000008   Code   RO         2198    .ARM.Collect$$rtentry$$0000000D  c_w.l(__rtentry2.o)
    0x0000020a   0x0000020a   0x00000002   PAD
    0x0000020c   0x0000020c   0x00000000   Code   RO         2380    .emb_text           c_w.l(maybetermalloc1.o)
    0x0000020c   0x0000020c   0x00000024   Code   RO          755    .text               startup_LPC17xx.o
    0x00000230   0x00000230   0x0000000a   Code   RO         1527    .text               c_w.l(vfprintf.o)
    0x0000023a   0x0000023a   0x0000000a   Code   RO         1529    .text               c_w.l(c89vfprintf.o)
    0x00000244   0x00000244   0x0000002c   Code   RO         1531    .text               c_w.l(__2sprintf.o)
    0x00000270   0x00000270   0x0000003c   Code   RO         1582    .text               c_w.l(__0sscanf.o)
    0x000002ac   0x000002ac   0x00000014   Code   RO         1602    .text               c_w.l(setbuf.o)
    0x000002c0   0x000002c0   0x0000002e   Code   RO         1625    .text               c_w.l(aeabi_atexit.o)
    0x000002ee   0x000002ee   0x00000002   PAD
    0x000002f0   0x000002f0   0x00000008   Code   RO         1869    .text               c_w.l(rt_ddtor_pointer_addr.o)
    0x000002f8   0x000002f8   0x00000004   Code   RO         2220    .text               c_w.l(hguard.o)
    0x000002fc   0x000002fc   0x00000004   Code   RO          754    .ARM.__at_0x02FC    startup_LPC17xx.o
    0x00000300   0x00000300   0x00000e84   Code   RO            4    .text               combo_sph.o
    0x00001184   0x00001184   0x000029d0   Code   RO          554    .text               mpu9250.o
    0x00003b54   0x00003b54   0x00000094   Code   RO         1555    .text               c_w.l(_printf_hex_int_ll_ptr.o)
    0x00003be8   0x00003be8   0x00000188   Code   RO         1575    .text               c_w.l(__printf_flags_ss_wp.o)
    0x00003d70   0x00003d70   0x0000014c   Code   RO         1584    .text               c_w.l(_scanf_int.o)
    0x00003ebc   0x00003ebc   0x00000064   Code   RO         1586    .text               c_w.l(fflush.o)
    0x00003f20   0x00003f20   0x000000ec   Code   RO         1600    .text               c_w.l(fopen.o)
    0x0000400c   0x0000400c   0x0000004c   Code   RO         1610    .text               c_w.l(fclose.o)
    0x00004058   0x00004058   0x0000003e   Code   RO         1628    .text               c_w.l(strlen.o)
    0x00004096   0x00004096   0x00000096   Code   RO         1630    .text               c_w.l(strncmp.o)
    0x0000412c   0x0000412c   0x00000064   Code   RO         1632    .text               c_w.l(rt_memcpy_w.o)
    0x00004190   0x00004190   0x0000004e   Code   RO         1634    .text               c_w.l(rt_memclr_w.o)
    0x000041de   0x000041de   0x00000002   PAD
    0x000041e0   0x000041e0   0x00000080   Code   RO         1638    .text               c_w.l(strcmpv7m.o)
    0x00004260   0x00004260   0x00000024   Code   RO         1645    .text               c_w.l(init_aeabi.o)
    0x00004284   0x00004284   0x0000005e   Code   RO         1878    .text               c_w.l(h1_alloc.o)
    0x000042e2   0x000042e2   0x0000004e   Code   RO         1880    .text               c_w.l(h1_free.o)
    0x00004330   0x00004330   0x00000016   Code   RO         1936    .text               c_w.l(_rserrno.o)
    0x00004346   0x00004346   0x0000004e   Code   RO         1938    .text               c_w.l(_printf_pad.o)
    0x00004394   0x00004394   0x00000024   Code   RO         1940    .text               c_w.l(_printf_truncate.o)
    0x000043b8   0x000043b8   0x00000052   Code   RO         1942    .text               c_w.l(_printf_str.o)
    0x0000440a   0x0000440a   0x000000b2   Code   RO         1944    .text               c_w.l(_printf_intcommon.o)
    0x000044bc   0x000044bc   0x00000078   Code   RO         1946    .text               c_w.l(_printf_dec.o)
    0x00004534   0x00004534   0x00000028   Code   RO         1948    .text               c_w.l(_printf_charcount.o)
    0x0000455c   0x0000455c   0x00000030   Code   RO         1950    .text               c_w.l(_printf_char_common.o)
    0x0000458c   0x0000458c   0x0000000a   Code   RO         1952    .text               c_w.l(_sputc.o)
    0x00004596   0x00004596   0x00000002   PAD
    0x00004598   0x00004598   0x00000024   Code   RO         1954    .text               c_w.l(_printf_char_file.o)
    0x000045bc   0x000045bc   0x000000bc   Code   RO         1956    .text               c_w.l(_printf_wctomb.o)
    0x00004678   0x00004678   0x0000007c   Code   RO         1959    .text               c_w.l(_printf_longlong_dec.o)
    0x000046f4   0x000046f4   0x00000070   Code   RO         1965    .text               c_w.l(_printf_oct_int_ll.o)
    0x00004764   0x00004764   0x0000001c   Code   RO         1989    .text               c_w.l(_chval.o)
    0x00004780   0x00004780   0x0000002c   Code   RO         1995    .text               c_w.l(scanf_char.o)
    0x000047ac   0x000047ac   0x00000040   Code   RO         1997    .text               c_w.l(_sgetc.o)
    0x000047ec   0x000047ec   0x00000008   Code   RO         2007    .text               c_w.l(ferror.o)
    0x000047f4   0x000047f4   0x0000023a   Code   RO         2009    .text               c_w.l(filbuf.o)
    0x00004a2e   0x00004a2e   0x000001d6   Code   RO         2011    .text               c_w.l(flsbuf.o)
    0x00004c04   0x00004c04   0x000000f8   Code   RO         2013    .text               c_w.l(fseek.o)
    0x00004cfc   0x00004cfc   0x00000046   Code   RO         2015    .text               c_w.l(setvbuf.o)
    0x00004d42   0x00004d42   0x00000002   PAD
    0x00004d44   0x00004d44   0x000000f0   Code   RO         2017    .text               c_w.l(stdio.o)
    0x00004e34   0x00004e34   0x00000138   Code   RO         2020    .text               c_w.l(initio.o)
    0x00004f6c   0x00004f6c   0x00000042   Code   RO         2028    .text               c_w.l(cxa_finalize.o)
    0x00004fae   0x00004fae   0x0000000e   Code   RO         2031    .text               c_w.l(defsig_pvfn_outer.o)
    0x00004fbc   0x00004fbc   0x00000008   Code   RO         2210    .text               c_w.l(rt_heap_descriptor.o)
    0x00004fc4   0x00004fc4   0x00000008   Code   RO         2215    .text               c_w.l(rt_errno_addr.o)
    0x00004fcc   0x00004fcc   0x0000008a   Code   RO         2222    .text               c_w.l(init_alloc.o)
    0x00005056   0x00005056   0x0000000e   Code   RO         2226    .text               c_w.l(h1_init.o)
    0x00005064   0x00005064   0x0000008a   Code   RO         2240    .text               c_w.l(lludiv10.o)
    0x000050ee   0x000050ee   0x00000012   Code   RO         2242    .text               c_w.l(isspace.o)
    0x00005100   0x00005100   0x0000041e   Code   RO         2244    .text               c_w.l(_printf_fp_dec.o)
    0x0000551e   0x0000551e   0x00000002   PAD
    0x00005520   0x00005520   0x000002fc   Code   RO         2246    .text               c_w.l(_printf_fp_hex.o)
    0x0000581c   0x0000581c   0x0000002c   Code   RO         2251    .text               c_w.l(_printf_char.o)
    0x00005848   0x00005848   0x0000002c   Code   RO         2255    .text               c_w.l(_printf_wchar.o)
    0x00005874   0x00005874   0x00000374   Code   RO         2257    .text               c_w.l(_scanf.o)
    0x00005be8   0x00005be8   0x00000042   Code   RO         2267    .text               c_w.l(ftell.o)
    0x00005c2a   0x00005c2a   0x00000002   PAD
    0x00005c2c   0x00005c2c   0x00000038   Code   RO         2275    .text               c_w.l(flushlinebuffered.o)
    0x00005c64   0x00005c64   0x00000040   Code   RO         2293    .text               c_w.l(_wcrtomb.o)
    0x00005ca4   0x00005ca4   0x0000000a   Code   RO         2295    .text               c_w.l(defsig_exit.o)
    0x00005cae   0x00005cae   0x0000000e   Code   RO         2297    .text               c_w.l(defsig_rtred_outer.o)
    0x00005cbc   0x00005cbc   0x00000030   Code   RO         2301    .text               c_w.l(defsig_pvfn_inner.o)
    0x00005cec   0x00005cec   0x0000000c   Code   RO         2364    .text               c_w.l(sys_exit.o)
    0x00005cf8   0x00005cf8   0x00000010   Code   RO         2366    .text               c_w.l(rt_ctype_table.o)
    0x00005d08   0x00005d08   0x00000008   Code   RO         2368    .text               c_w.l(rt_locale.o)
    0x00005d10   0x00005d10   0x00000034   Code   RO         2382    .text               c_w.l(h1_extend.o)
    0x00005d44   0x00005d44   0x00000080   Code   RO         2386    .text               c_w.l(_printf_fp_infnan.o)
    0x00005dc4   0x00005dc4   0x000000e4   Code   RO         2388    .text               c_w.l(bigflt0.o)
    0x00005ea8   0x00005ea8   0x00000032   Code   RO         2422    .text               c_w.l(defsig_general.o)
    0x00005eda   0x00005eda   0x00000002   PAD
    0x00005edc   0x00005edc   0x00000034   Code   RO         2428    .text               c_w.l(defsig_rtred_inner.o)
    0x00005f10   0x00005f10   0x0000000e   Code   RO         2430    .text               c_w.l(defsig_rtmem_outer.o)
    0x00005f1e   0x00005f1e   0x00000002   PAD
    0x00005f20   0x00005f20   0x00000050   Code   RO         2436    .text               c_w.l(heapauxa.o)
    0x00005f70   0x00005f70   0x0000000e   Code   RO         2488    .text               c_w.l(sys_wrch.o)
    0x00005f7e   0x00005f7e   0x00000002   Code   RO         2490    .text               c_w.l(use_no_semi.o)
    0x00005f80   0x00005f80   0x00000000   Code   RO         2492    .text               c_w.l(indicate_semi.o)
    0x00005f80   0x00005f80   0x00000050   Code   RO         2510    .text               c_w.l(defsig_rtmem_inner.o)
    0x00005fd0   0x00005fd0   0x0000003e   Code   RO         2391    CL$$btod_d2e        c_w.l(btod.o)
    0x0000600e   0x0000600e   0x00000046   Code   RO         2393    CL$$btod_d2e_denorm_low  c_w.l(btod.o)
    0x00006054   0x00006054   0x00000060   Code   RO         2392    CL$$btod_d2e_norm_op1  c_w.l(btod.o)
    0x000060b4   0x000060b4   0x00000338   Code   RO         2401    CL$$btod_div_common  c_w.l(btod.o)
    0x000063ec   0x000063ec   0x000000dc   Code   RO         2398    CL$$btod_e2e        c_w.l(btod.o)
    0x000064c8   0x000064c8   0x0000002a   Code   RO         2395    CL$$btod_ediv       c_w.l(btod.o)
    0x000064f2   0x000064f2   0x0000002a   Code   RO         2394    CL$$btod_emul       c_w.l(btod.o)
    0x0000651c   0x0000651c   0x00000244   Code   RO         2400    CL$$btod_mult_common  c_w.l(btod.o)
    0x00006760   0x00006760   0x00000012   Code   RO          636    i.$Sub$$main        retarget.o
    0x00006772   0x00006772   0x00000008   Code   RO         1068    i.<Func1>           mbed.ar(SerialBase.o)
    0x0000677a   0x0000677a   0x00000002   PAD
    0x0000677c   0x0000677c   0x00000034   Code   RO          627    i.NVIC_SetVector    cmsis_nvic.o
    0x000067b0   0x000067b0   0x000000a0   Code   RO          764    i.SystemInit        system_LPC17xx.o
    0x00006850   0x00006850   0x00000088   Code   RO          117    i._ZN4mbed10DigitalOut5writeEi  combo_sph.o
    0x000068d8   0x000068d8   0x0000001a   Code   RO          108    i._ZN4mbed10DigitalOutC1E7PinName  combo_sph.o
    0x000068f2   0x000068f2   0x00000012   Code   RO           66    i._ZN4mbed10DigitalOutaSEi  combo_sph.o
    0x00006904   0x00006904   0x00000088   Code   RO           30    i._ZN4mbed10DigitalOutcviEv  combo_sph.o
    0x0000698c   0x0000698c   0x0000003c   Code   RO          747    i._ZN4mbed10FileHandle4flenEv  retarget.o
    0x000069c8   0x000069c8   0x00000030   Code   RO          638    i._ZN4mbed10FileHandleD2Ev  retarget.o
    0x000069f8   0x000069f8   0x00000006   Code   RO         1069    i._ZN4mbed10SerialBase10_base_getcEv  mbed.ar(SerialBase.o)
    0x000069fe   0x000069fe   0x0000000e   Code   RO         1070    i._ZN4mbed10SerialBase10_base_putcEi  mbed.ar(SerialBase.o)
    0x00006a0c   0x00006a0c   0x0000002a   Code   RO         1072    i._ZN4mbed10SerialBase12_irq_handlerEj9SerialIrq  mbed.ar(SerialBase.o)
    0x00006a36   0x00006a36   0x00000010   Code   RO         1074    i._ZN4mbed10SerialBase4baudEi  mbed.ar(SerialBase.o)
    0x00006a46   0x00006a46   0x00000026   Code   RO         1075    i._ZN4mbed10SerialBase6attachEPFvvENS0_7IrqTypeE  mbed.ar(SerialBase.o)
    0x00006a6c   0x00006a6c   0x00000050   Code   RO         1079    i._ZN4mbed10SerialBaseC1E7PinNameS1_  mbed.ar(SerialBase.o)
    0x00006abc   0x00006abc   0x00000042   Code   RO          980    i._ZN4mbed11InterruptIn12_irq_handlerEj14gpio_irq_event  mbed.ar(InterruptIn.o)
    0x00006afe   0x00006afe   0x0000001c   Code   RO          981    i._ZN4mbed11InterruptIn4fallEPFvvE  mbed.ar(InterruptIn.o)
    0x00006b1a   0x00006b1a   0x00000002   PAD
    0x00006b1c   0x00006b1c   0x00000040   Code   RO          983    i._ZN4mbed11InterruptIn4readEv  mbed.ar(InterruptIn.o)
    0x00006b5c   0x00006b5c   0x0000001c   Code   RO          984    i._ZN4mbed11InterruptIn4riseEPFvvE  mbed.ar(InterruptIn.o)
    0x00006b78   0x00006b78   0x00000048   Code   RO          985    i._ZN4mbed11InterruptInC1E7PinName  mbed.ar(InterruptIn.o)
    0x00006bc0   0x00006bc0   0x00000018   Code   RO          987    i._ZN4mbed11InterruptInD1Ev  mbed.ar(InterruptIn.o)
    0x00006bd8   0x00006bd8   0x0000002c   Code   RO          988    i._ZN4mbed11InterruptIncviEv  mbed.ar(InterruptIn.o)
    0x00006c04   0x00006c04   0x00000006   Code   RO          639    i._ZN4mbed26mbed_set_unbuffered_streamEPSt6__FILE  retarget.o
    0x00006c0a   0x00006c0a   0x00000002   PAD
    0x00006c0c   0x00006c0c   0x00000048   Code   RO          883    i._ZN4mbed3I2C4readEiPcib  mbed.ar(I2C.o)
    0x00006c54   0x00006c54   0x00000048   Code   RO          887    i._ZN4mbed3I2C5writeEiPKcib  mbed.ar(I2C.o)
    0x00006c9c   0x00006c9c   0x00000024   Code   RO          890    i._ZN4mbed3I2CC1E7PinNameS1_  mbed.ar(I2C.o)
    0x00006cc0   0x00006cc0   0x0000001a   Code   RO         1189    i._ZN4mbed5Timer5startEv  mbed.ar(Timer.o)
    0x00006cda   0x00006cda   0x0000001e   Code   RO         1194    i._ZN4mbed5TimerC1Ev  mbed.ar(Timer.o)
    0x00006cf8   0x00006cf8   0x00000012   Code   RO          102    i._ZN4mbed6PwmOutC1E7PinName  combo_sph.o
    0x00006d0a   0x00006d0a   0x00000016   Code   RO           72    i._ZN4mbed6PwmOutaSEf  combo_sph.o
    0x00006d20   0x00006d20   0x0000000e   Code   RO           90    i._ZN4mbed6PwmOutcvfEv  combo_sph.o
    0x00006d2e   0x00006d2e   0x00000002   PAD
    0x00006d30   0x00006d30   0x00000024   Code   RO         1024    i._ZN4mbed6SerialC1E7PinNameS1_PKc  mbed.ar(Serial.o)
    0x00006d54   0x00006d54   0x0000000c   Code   RO         1043    i._ZN4mbed6SerialD1Ev  mbed.ar(Serial.o)
    0x00006d60   0x00006d60   0x00000004   Code   RO         1118    i._ZN4mbed6Stream4flenEv  mbed.ar(Stream.o)
    0x00006d64   0x00006d64   0x00000014   Code   RO         1119    i._ZN4mbed6Stream4getcEv  mbed.ar(Stream.o)
    0x00006d78   0x00006d78   0x00000018   Code   RO         1121    i._ZN4mbed6Stream4putcEi  mbed.ar(Stream.o)
    0x00006d90   0x00006d90   0x0000002c   Code   RO         1123    i._ZN4mbed6Stream4readEPvj  mbed.ar(Stream.o)
    0x00006dbc   0x00006dbc   0x00000004   Code   RO         1124    i._ZN4mbed6Stream5closeEv  mbed.ar(Stream.o)
    0x00006dc0   0x00006dc0   0x00000004   Code   RO         1126    i._ZN4mbed6Stream5lseekEli  mbed.ar(Stream.o)
    0x00006dc4   0x00006dc4   0x0000002c   Code   RO         1128    i._ZN4mbed6Stream5writeEPKvj  mbed.ar(Stream.o)
    0x00006df0   0x00006df0   0x00000004   Code   RO         1129    i._ZN4mbed6Stream6isattyEv  mbed.ar(Stream.o)
    0x00006df4   0x00006df4   0x0000001e   Code   RO         1130    i._ZN4mbed6Stream6printfEPKcz  mbed.ar(Stream.o)
    0x00006e12   0x00006e12   0x00000002   PAD
    0x00006e14   0x00006e14   0x00000040   Code   RO         1131    i._ZN4mbed6StreamC2EPKc  mbed.ar(Stream.o)
    0x00006e54   0x00006e54   0x00000020   Code   RO         1133    i._ZN4mbed6StreamD2Ev  mbed.ar(Stream.o)
    0x00006e74   0x00006e74   0x00000004   Code   RO         1430    i._ZN4mbed8FileBase11getPathTypeEv  mbed.ar(FileBase.o)
    0x00006e78   0x00006e78   0x00000038   Code   RO         1432    i._ZN4mbed8FileBase6lookupEPKcj  mbed.ar(FileBase.o)
    0x00006eb0   0x00006eb0   0x00000024   Code   RO         1434    i._ZN4mbed8FileBaseC1EPKcNS_8PathTypeE  mbed.ar(FileBase.o)
    0x00006ed4   0x00006ed4   0x00000038   Code   RO         1436    i._ZN4mbed8FileBaseD1Ev  mbed.ar(FileBase.o)
    0x00006f0c   0x00006f0c   0x00000024   Code   RO         1462    i._ZN4mbed8FileLikeC2EPKc  mbed.ar(FileLike.o)
    0x00006f30   0x00006f30   0x00000012   Code   RO         1464    i._ZN4mbed8FileLikeD2Ev  mbed.ar(FileLike.o)
    0x00006f42   0x00006f42   0x00000018   Code   RO          855    i._ZN4mbed8FilePath10fileSystemEv  mbed.ar(FilePath.o)
    0x00006f5a   0x00006f5a   0x0000001c   Code   RO          857    i._ZN4mbed8FilePath4fileEv  mbed.ar(FilePath.o)
    0x00006f76   0x00006f76   0x0000000a   Code   RO          858    i._ZN4mbed8FilePath6existsEv  mbed.ar(FilePath.o)
    0x00006f80   0x00006f80   0x00000018   Code   RO          859    i._ZN4mbed8FilePath6isFileEv  mbed.ar(FilePath.o)
    0x00006f98   0x00006f98   0x00000004   Code   RO          860    i._ZN4mbed8FilePath8fileNameEv  mbed.ar(FilePath.o)
    0x00006f9c   0x00006f9c   0x00000040   Code   RO          861    i._ZN4mbed8FilePathC1EPKc  mbed.ar(FilePath.o)
    0x00006fdc   0x00006fdc   0x00000004   Code   RO          640    i._ZN4mbed9mbed_getcEPSt6__FILE  retarget.o
    0x00006fe0   0x00006fe0   0x0000008c   Code   RO           54    i._ZN6My_pid13Calculate_pidEf  combo_sph.o
    0x0000706c   0x0000706c   0x00000012   Code   RO           36    i._ZN6My_pid13Reset_on_zeroEv  combo_sph.o
    0x0000707e   0x0000707e   0x00000002   PAD
    0x00007080   0x00007080   0x00000088   Code   RO           84    i._ZN6My_pid18Calculate_feedbackEf  combo_sph.o
    0x00007108   0x00007108   0x000000c0   Code   RO           48    i._ZN6My_pid24Calculate_feedback_rotorEffff  combo_sph.o
    0x000071c8   0x000071c8   0x00000050   Code   RO           96    i._ZN6My_pidC1Ev    combo_sph.o
    0x00007218   0x00007218   0x0000005a   Code   RO           42    i._ZN8My_motor13Set_directionEi  combo_sph.o
    0x00007272   0x00007272   0x00000020   Code   RO           78    i._ZN8My_motor4StopEv  combo_sph.o
    0x00007292   0x00007292   0x00000062   Code   RO           60    i._ZN8My_motorC1E7PinNameS0_S0_  combo_sph.o
    0x000072f4   0x000072f4   0x0000000c   Code   RO          578    i._ZSt4sqrtf        mpu9250.o
    0x00007300   0x00007300   0x00000006   Code   RO         1025    i._ZThn64_N4mbed6Serial5_getcEv  mbed.ar(Serial.o)
    0x00007306   0x00007306   0x00000006   Code   RO         1026    i._ZThn64_N4mbed6Serial5_putcEi  mbed.ar(Serial.o)
    0x0000730c   0x0000730c   0x00000028   Code   RO         2159    i.__ARM_fpclassify  m_ws.l(fpclassify.o)
    0x00007334   0x00007334   0x00000026   Code   RO         2161    i.__ARM_fpclassifyf  m_ws.l(fpclassifyf.o)
    0x0000735a   0x0000735a   0x00000024   Code   RO         1764    i.__aeabi_vec_ctor_nocookie_nodtor  cpprt_w.l(aeabi_vec_ctor_nocookie_nodtor.o)
    0x0000737e   0x0000737e   0x00000006   Code   RO         1655    i.__cxa_pure_virtual  cpprt_w.l(pure_virt.o)
    0x00007384   0x00007384   0x000000aa   Code   RO         2177    i.__kernel_poly     m_ws.l(poly.o)
    0x0000742e   0x0000742e   0x00000002   PAD
    0x00007430   0x00007430   0x00000010   Code   RO         2145    i.__mathlib_dbl_divzero  m_ws.l(dunder.o)
    0x00007440   0x00007440   0x00000006   Code   RO         2146    i.__mathlib_dbl_infnan  m_ws.l(dunder.o)
    0x00007446   0x00007446   0x00000004   Code   RO         2147    i.__mathlib_dbl_infnan2  m_ws.l(dunder.o)
    0x0000744a   0x0000744a   0x0000000c   Code   RO         2148    i.__mathlib_dbl_invalid  m_ws.l(dunder.o)
    0x00007456   0x00007456   0x0000000e   Code   RO         2149    i.__mathlib_dbl_overflow  m_ws.l(dunder.o)
    0x00007464   0x00007464   0x00000010   Code   RO         2151    i.__mathlib_dbl_underflow  m_ws.l(dunder.o)
    0x00007474   0x00007474   0x00000006   Code   RO         2164    i.__mathlib_flt_infnan  m_ws.l(funder.o)
    0x0000747a   0x0000747a   0x0000000a   Code   RO         2169    i.__mathlib_flt_underflow  m_ws.l(funder.o)
    0x00007484   0x00007484   0x00000010   Code   RO          757    i.__user_setup_stackheap  sys.o
    0x00007494   0x00007494   0x0000000e   Code   RO         1568    i._is_digit         c_w.l(__printf_wp.o)
    0x000074a2   0x000074a2   0x00000002   PAD
    0x000074a4   0x000074a4   0x0000002c   Code   RO          642    i._sys_close        retarget.o
    0x000074d0   0x000074d0   0x00000028   Code   RO          645    i._sys_flen         retarget.o
    0x000074f8   0x000074f8   0x00000028   Code   RO          646    i._sys_istty        retarget.o
    0x00007520   0x00007520   0x0000014c   Code   RO          647    i._sys_open         retarget.o
    0x0000766c   0x0000766c   0x00000058   Code   RO          648    i._sys_read         retarget.o
    0x000076c4   0x000076c4   0x00000028   Code   RO          649    i._sys_seek         retarget.o
    0x000076ec   0x000076ec   0x00000064   Code   RO          650    i._sys_write        retarget.o
    0x00007750   0x00007750   0x00000220   Code   RO         1822    i.atan              m_ws.l(atan.o)
    0x00007970   0x00007970   0x0000017c   Code   RO         1832    i.atanf             m_ws.l(atanf.o)
    0x00007aec   0x00007aec   0x00000018   Code   RO         1487    i.error             mbed.ar(error.o)
    0x00007b04   0x00007b04   0x0000002c   Code   RO          652    i.exit              retarget.o
    0x00007b30   0x00007b30   0x00000018   Code   RO         1589    i.fgetc             c_w.l(fgetc.o)
    0x00007b48   0x00007b48   0x0000001a   Code   RO         1595    i.fputc             c_w.l(fputc.o)
    0x00007b62   0x00007b62   0x00000002   PAD
    0x00007b64   0x00007b64   0x00000008   Code   RO         1513    i.get_us_ticker_data  mbed.ar(us_ticker_api.o)
    0x00007b6c   0x00007b6c   0x00000054   Code   RO         1331    i.gpio_dir          mbed.ar(gpio_api.o)
    0x00007bc0   0x00007bc0   0x0000003a   Code   RO         1332    i.gpio_init         mbed.ar(gpio_api.o)
    0x00007bfa   0x00007bfa   0x00000028   Code   RO         1222    i.gpio_init_in      mbed.ar(gpio.o)
    0x00007c22   0x00007c22   0x00000002   PAD
    0x00007c24   0x00007c24   0x00000048   Code   RO         1225    i.gpio_init_out     mbed.ar(gpio.o)
    0x00007c6c   0x00007c6c   0x00000068   Code   RO         1226    i.gpio_init_out_ex  mbed.ar(gpio.o)
    0x00007cd4   0x00007cd4   0x00000010   Code   RO         1348    i.gpio_irq_free     mbed.ar(gpio_irq_api.o)
    0x00007ce4   0x00007ce4   0x000000a0   Code   RO         1349    i.gpio_irq_init     mbed.ar(gpio_irq_api.o)
    0x00007d84   0x00007d84   0x000000c8   Code   RO         1350    i.gpio_irq_set      mbed.ar(gpio_irq_api.o)
    0x00007e4c   0x00007e4c   0x00000006   Code   RO         1333    i.gpio_mode         mbed.ar(gpio_api.o)
    0x00007e52   0x00007e52   0x00000002   PAD
    0x00007e54   0x00007e54   0x000000f0   Code   RO         1351    i.handle_interrupt_in  mbed.ar(gpio_irq_api.o)
    0x00007f44   0x00007f44   0x0000001c   Code   RO         1368    i.i2c_frequency     mbed.ar(i2c_api.o)
    0x00007f60   0x00007f60   0x000000d8   Code   RO         1369    i.i2c_init          mbed.ar(i2c_api.o)
    0x00008038   0x00008038   0x00000164   Code   RO         1370    i.i2c_read          mbed.ar(i2c_api.o)
    0x0000819c   0x0000819c   0x00000038   Code   RO         1397    i.i2c_stop          mbed.ar(i2c_api.o)
    0x000081d4   0x000081d4   0x00000114   Code   RO         1377    i.i2c_write         mbed.ar(i2c_api.o)
    0x000082e8   0x000082e8   0x00000040   Code   RO         1181    i.mbed_assert_internal  mbed.ar(assert.o)
    0x00008328   0x00008328   0x00000120   Code   RO          617    i.mbed_die          board.o
    0x00008448   0x00008448   0x00000004   Code   RO         1239    i.mbed_interface_connected  mbed.ar(mbed_interface.o)
    0x0000844c   0x0000844c   0x00000002   Code   RO          653    i.mbed_main         retarget.o
    0x0000844e   0x0000844e   0x00000002   Code   RO          654    i.mbed_sdk_init     retarget.o
    0x00008450   0x00008450   0x0000005c   Code   RO         1402    i.pin_function      mbed.ar(pinmap.o)
    0x000084ac   0x000084ac   0x00000090   Code   RO         1403    i.pin_mode          mbed.ar(pinmap.o)
    0x0000853c   0x0000853c   0x00000022   Code   RO         1262    i.pinmap_find_peripheral  mbed.ar(pinmap_common.o)
    0x0000855e   0x0000855e   0x00000002   PAD
    0x00008560   0x00008560   0x0000003c   Code   RO         1264    i.pinmap_merge      mbed.ar(pinmap_common.o)
    0x0000859c   0x0000859c   0x0000005c   Code   RO         1265    i.pinmap_peripheral  mbed.ar(pinmap_common.o)
    0x000085f8   0x000085f8   0x00000058   Code   RO         1266    i.pinmap_pinout     mbed.ar(pinmap_common.o)
    0x00008650   0x00008650   0x000009d8   Code   RO         1840    i.pow               m_ws.l(pow.o)
    0x00009028   0x00009028   0x00000100   Code   RO          775    i.pwmout_init       mbed.ar(pwmout_api.o)
    0x00009128   0x00009128   0x00000038   Code   RO          778    i.pwmout_period_us  mbed.ar(pwmout_api.o)
    0x00009160   0x00009160   0x0000002c   Code   RO          782    i.pwmout_read       mbed.ar(pwmout_api.o)
    0x0000918c   0x0000918c   0x00000050   Code   RO          783    i.pwmout_write      mbed.ar(pwmout_api.o)
    0x000091dc   0x000091dc   0x00000010   Code   RO         1280    i.semihost_connected  mbed.ar(semihost_api.o)
    0x000091ec   0x000091ec   0x0000000c   Code   RO         1283    i.semihost_exit     mbed.ar(semihost_api.o)
    0x000091f8   0x000091f8   0x000001c4   Code   RO          803    i.serial_baud       mbed.ar(serial_api.o)
    0x000093bc   0x000093bc   0x00000038   Code   RO          809    i.serial_getc       mbed.ar(serial_api.o)
    0x000093f4   0x000093f4   0x00000180   Code   RO          810    i.serial_init       mbed.ar(serial_api.o)
    0x00009574   0x00009574   0x0000001c   Code   RO          811    i.serial_irq_handler  mbed.ar(serial_api.o)
    0x00009590   0x00009590   0x0000001c   Code   RO          812    i.serial_irq_set    mbed.ar(serial_api.o)
    0x000095ac   0x000095ac   0x000000cc   Code   RO          813    i.serial_irq_set_internal  mbed.ar(serial_api.o)
    0x00009678   0x00009678   0x00000068   Code   RO          815    i.serial_putc       mbed.ar(serial_api.o)
    0x000096e0   0x000096e0   0x0000010c   Code   RO          817    i.serial_set_flow_control  mbed.ar(serial_api.o)
    0x000097ec   0x000097ec   0x0000004c   Code   RO         2181    i.sqrt              m_ws.l(sqrt.o)
    0x00009838   0x00009838   0x0000002c   Code   RO         1850    i.sqrtf             m_ws.l(sqrtf.o)
    0x00009864   0x00009864   0x0000004e   Code   RO         1497    i.ticker_irq_handler  mbed.ar(ticker_api.o)
    0x000098b2   0x000098b2   0x00000006   Code   RO         1498    i.ticker_read       mbed.ar(ticker_api.o)
    0x000098b8   0x000098b8   0x00000014   Code   RO          819    i.uart0_irq         mbed.ar(serial_api.o)
    0x000098cc   0x000098cc   0x00000014   Code   RO          820    i.uart1_irq         mbed.ar(serial_api.o)
    0x000098e0   0x000098e0   0x00000014   Code   RO          821    i.uart2_irq         mbed.ar(serial_api.o)
    0x000098f4   0x000098f4   0x00000014   Code   RO          822    i.uart3_irq         mbed.ar(serial_api.o)
    0x00009908   0x00009908   0x00000068   Code   RO          823    i.uart_irq          mbed.ar(serial_api.o)
    0x00009970   0x00009970   0x0000000c   Code   RO         1413    i.us_ticker_clear_interrupt  mbed.ar(us_ticker.o)
    0x0000997c   0x0000997c   0x00000010   Code   RO         1414    i.us_ticker_disable_interrupt  mbed.ar(us_ticker.o)
    0x0000998c   0x0000998c   0x00000064   Code   RO         1415    i.us_ticker_init    mbed.ar(us_ticker.o)
    0x000099f0   0x000099f0   0x0000000c   Code   RO         1514    i.us_ticker_irq_handler  mbed.ar(us_ticker_api.o)
    0x000099fc   0x000099fc   0x00000064   Code   RO         1416    i.us_ticker_read    mbed.ar(us_ticker.o)
    0x00009a60   0x00009a60   0x00000014   Code   RO         1417    i.us_ticker_set_interrupt  mbed.ar(us_ticker.o)
    0x00009a74   0x00009a74   0x00000024   Code   RO         1319    i.wait              mbed.ar(wait_api.o)
    0x00009a98   0x00009a98   0x0000001c   Code   RO         1320    i.wait_ms           mbed.ar(wait_api.o)
    0x00009ab4   0x00009ab4   0x00000018   Code   RO         1321    i.wait_us           mbed.ar(wait_api.o)
    0x00009acc   0x00009acc   0x0000002c   Code   RO         2416    locale$$code        c_w.l(lc_numeric_c.o)
    0x00009af8   0x00009af8   0x0000002c   Code   RO         2500    locale$$code        c_w.l(lc_ctype_c.o)
    0x00009b24   0x00009b24   0x00000062   Code   RO         1767    x$fpl$d2f           fz_ws.l(d2f.o)
    0x00009b86   0x00009b86   0x00000002   PAD
    0x00009b88   0x00009b88   0x00000150   Code   RO         1769    x$fpl$dadd          fz_ws.l(daddsub_clz.o)
    0x00009cd8   0x00009cd8   0x00000010   Code   RO         2354    x$fpl$dcheck1       fz_ws.l(dcheck1.o)
    0x00009ce8   0x00009ce8   0x00000018   Code   RO         2464    x$fpl$dcmpinf       fz_ws.l(dcmpi.o)
    0x00009d00   0x00009d00   0x000002b0   Code   RO         1776    x$fpl$ddiv          fz_ws.l(ddiv.o)
    0x00009fb0   0x00009fb0   0x0000002e   Code   RO         1780    x$fpl$dflt          fz_ws.l(dflt_clz.o)
    0x00009fde   0x00009fde   0x00000026   Code   RO         1779    x$fpl$dfltu         fz_ws.l(dflt_clz.o)
    0x0000a004   0x0000a004   0x00000078   Code   RO         2356    x$fpl$dleqf         fz_ws.l(dleqf.o)
    0x0000a07c   0x0000a07c   0x00000154   Code   RO         1785    x$fpl$dmul          fz_ws.l(dmul.o)
    0x0000a1d0   0x0000a1d0   0x0000009c   Code   RO         2118    x$fpl$dnaninf       fz_ws.l(dnaninf.o)
    0x0000a26c   0x0000a26c   0x0000000c   Code   RO         2120    x$fpl$dretinf       fz_ws.l(dretinf.o)
    0x0000a278   0x0000a278   0x0000006c   Code   RO         2122    x$fpl$drleqf        fz_ws.l(drleqf.o)
    0x0000a2e4   0x0000a2e4   0x00000016   Code   RO         1770    x$fpl$drsb          fz_ws.l(daddsub_clz.o)
    0x0000a2fa   0x0000a2fa   0x00000002   PAD
    0x0000a2fc   0x0000a2fc   0x000001cc   Code   RO         2358    x$fpl$dsqrt         fz_ws.l(dsqrt_noumaal.o)
    0x0000a4c8   0x0000a4c8   0x000001d4   Code   RO         1771    x$fpl$dsub          fz_ws.l(daddsub_clz.o)
    0x0000a69c   0x0000a69c   0x00000056   Code   RO         1787    x$fpl$f2d           fz_ws.l(f2d.o)
    0x0000a6f2   0x0000a6f2   0x00000002   PAD
    0x0000a6f4   0x0000a6f4   0x000000c4   Code   RO         1789    x$fpl$fadd          fz_ws.l(faddsub_clz.o)
    0x0000a7b8   0x0000a7b8   0x0000000c   Code   RO         2466    x$fpl$fcheck1       fz_ws.l(fcheck1.o)
    0x0000a7c4   0x0000a7c4   0x00000018   Code   RO         2124    x$fpl$fcmpinf       fz_ws.l(fcmpi.o)
    0x0000a7dc   0x0000a7dc   0x00000184   Code   RO         1796    x$fpl$fdiv          fz_ws.l(fdiv.o)
    0x0000a960   0x0000a960   0x00000068   Code   RO         1799    x$fpl$feqf          fz_ws.l(feqf.o)
    0x0000a9c8   0x0000a9c8   0x00000036   Code   RO         1801    x$fpl$ffix          fz_ws.l(ffix.o)
    0x0000a9fe   0x0000a9fe   0x00000002   PAD
    0x0000aa00   0x0000aa00   0x0000003e   Code   RO         1805    x$fpl$ffixu         fz_ws.l(ffixu.o)
    0x0000aa3e   0x0000aa3e   0x00000002   PAD
    0x0000aa40   0x0000aa40   0x00000030   Code   RO         1810    x$fpl$fflt          fz_ws.l(fflt_clz.o)
    0x0000aa70   0x0000aa70   0x00000026   Code   RO         1809    x$fpl$ffltu         fz_ws.l(fflt_clz.o)
    0x0000aa96   0x0000aa96   0x00000002   PAD
    0x0000aa98   0x0000aa98   0x00000068   Code   RO         1815    x$fpl$fleqf         fz_ws.l(fleqf.o)
    0x0000ab00   0x0000ab00   0x00000102   Code   RO         1817    x$fpl$fmul          fz_ws.l(fmul.o)
    0x0000ac02   0x0000ac02   0x0000008c   Code   RO         2126    x$fpl$fnaninf       fz_ws.l(fnaninf.o)
    0x0000ac8e   0x0000ac8e   0x0000000a   Code   RO         2128    x$fpl$fretinf       fz_ws.l(fretinf.o)
    0x0000ac98   0x0000ac98   0x00000062   Code   RO         1819    x$fpl$frleqf        fz_ws.l(frleqf.o)
    0x0000acfa   0x0000acfa   0x00000014   Code   RO         1790    x$fpl$frsb          fz_ws.l(faddsub_clz.o)
    0x0000ad0e   0x0000ad0e   0x00000002   PAD
    0x0000ad10   0x0000ad10   0x00000110   Code   RO         2130    x$fpl$fsqrt         fz_ws.l(fsqrt.o)
    0x0000ae20   0x0000ae20   0x000000ea   Code   RO         1791    x$fpl$fsub          fz_ws.l(faddsub_clz.o)
    0x0000af0a   0x0000af0a   0x00000004   Code   RO         2132    x$fpl$printf1       fz_ws.l(printf1.o)
    0x0000af0e   0x0000af0e   0x00000004   Code   RO         2134    x$fpl$printf2       fz_ws.l(printf2.o)
    0x0000af12   0x0000af12   0x00000064   Code   RO         2474    x$fpl$retnan        fz_ws.l(retnan.o)
    0x0000af76   0x0000af76   0x0000005c   Code   RO         2140    x$fpl$scalbn        fz_ws.l(scalbn.o)
    0x0000afd2   0x0000afd2   0x0000004c   Code   RO         2362    x$fpl$scalbnf       fz_ws.l(scalbnf.o)
    0x0000b01e   0x0000b01e   0x00000030   Code   RO         2516    x$fpl$trapveneer    fz_ws.l(trapv.o)
    0x0000b04e   0x0000b04e   0x00000000   Code   RO         2144    x$fpl$usenofp       fz_ws.l(usenofp.o)
    0x0000b04e   0x0000b04e   0x00000002   PAD
    0x0000b050   0x0000b050   0x0000006c   Data   RO            7    .constdata          combo_sph.o
    0x0000b0bc   0x0000b0bc   0x00000017   Data   RO          695    .constdata          retarget.o
    0x0000b0d3   0x0000b0d3   0x00000001   PAD
    0x0000b0d4   0x0000b0d4   0x000000b4   Data   RO          784    .constdata          mbed.ar(pwmout_api.o)
    0x0000b188   0x0000b188   0x00000120   Data   RO          825    .constdata          mbed.ar(serial_api.o)
    0x0000b2a8   0x0000b2a8   0x00000098   Data   RO         1378    .constdata          mbed.ar(i2c_api.o)
    0x0000b340   0x0000b340   0x00000014   Data   RO         1515    .constdata          mbed.ar(us_ticker_api.o)
    0x0000b354   0x0000b354   0x00000008   Data   RO         1516    .constdata          mbed.ar(us_ticker_api.o)
    0x0000b35c   0x0000b35c   0x00000028   Data   RO         1556    .constdata          c_w.l(_printf_hex_int_ll_ptr.o)
    0x0000b384   0x0000b384   0x00000011   Data   RO         1576    .constdata          c_w.l(__printf_flags_ss_wp.o)
    0x0000b395   0x0000b395   0x00000003   PAD
    0x0000b398   0x0000b398   0x00000098   Data   RO         1823    .constdata          m_ws.l(atan.o)
    0x0000b430   0x0000b430   0x00000088   Data   RO         1841    .constdata          m_ws.l(pow.o)
    0x0000b4b8   0x0000b4b8   0x00000008   Data   RO         1957    .constdata          c_w.l(_printf_wctomb.o)
    0x0000b4c0   0x0000b4c0   0x00000008   Data   RO         2179    .constdata          m_ws.l(qnan.o)
    0x0000b4c8   0x0000b4c8   0x00000026   Data   RO         2247    .constdata          c_w.l(_printf_fp_hex.o)
    0x0000b4ee   0x0000b4ee   0x00000002   PAD
    0x0000b4f0   0x0000b4f0   0x00000094   Data   RO         2389    .constdata          c_w.l(bigflt0.o)
    0x0000b584   0x0000b584   0x0000002c   Data   RO          746    .constdata__ZTVN4mbed10FileHandleE  retarget.o
    0x0000b5b0   0x0000b5b0   0x00000010   Data   RO         1108    .constdata__ZTVN4mbed10SerialBaseE  mbed.ar(SerialBase.o)
    0x0000b5c0   0x0000b5c0   0x00000010   Data   RO         1016    .constdata__ZTVN4mbed11InterruptInE  mbed.ar(InterruptIn.o)
    0x0000b5d0   0x0000b5d0   0x0000005c   Data   RO         1041    .constdata__ZTVN4mbed6SerialE  mbed.ar(Serial.o)
    0x0000b62c   0x0000b62c   0x00000044   Data   RO         1178    .constdata__ZTVN4mbed6StreamE  mbed.ar(Stream.o)
    0x0000b670   0x0000b670   0x00000010   Data   RO         1456    .constdata__ZTVN4mbed8FileBaseE  mbed.ar(FileBase.o)
    0x0000b680   0x0000b680   0x0000003c   Data   RO         1481    .constdata__ZTVN4mbed8FileLikeE  mbed.ar(FileLike.o)
    0x0000b6bc   0x0000b6bc   0x000001a1   Data   RO          557    .conststring        mpu9250.o
    0x0000b85d   0x0000b85d   0x00000003   PAD
    0x0000b860   0x0000b860   0x00000068   Data   RO          618    .conststring        board.o
    0x0000b8c8   0x0000b8c8   0x00000068   Data   RO          785    .conststring        mbed.ar(pwmout_api.o)
    0x0000b930   0x0000b930   0x00000068   Data   RO          826    .conststring        mbed.ar(serial_api.o)
    0x0000b998   0x0000b998   0x00000066   Data   RO         1335    .conststring        mbed.ar(gpio_api.o)
    0x0000b9fe   0x0000b9fe   0x00000002   PAD
    0x0000ba00   0x0000ba00   0x00000065   Data   RO         1379    .conststring        mbed.ar(i2c_api.o)
    0x0000ba65   0x0000ba65   0x00000003   PAD
    0x0000ba68   0x0000ba68   0x00000064   Data   RO         1404    .conststring        mbed.ar(pinmap.o)
    0x0000bacc   0x0000bacc   0x00000020   Data   RO         2550    Region$$Table       anon$$obj.o
    0x0000baec   0x0000baec   0x0000001c   Data   RO         2415    locale$$data        c_w.l(lc_numeric_c.o)
    0x0000bb08   0x0000bb08   0x00000110   Data   RO         2499    locale$$data        c_w.l(lc_ctype_c.o)
    0x0000bc18   0x0000bc18   0x00000004   Data   RO            9    .init_array         combo_sph.o
    0x0000bc1c   0x0000bc18   0x00000004   Data   RO          559    .init_array         mpu9250.o
    0x0000bc20   0x0000bc18   0x00000000   Data   RO         1643    .init_array         c_w.l(init_aeabi.o)


    Execution Region RW_IRAM1 (Exec base: 0x100000c8, Load base: 0x0000bc20, Size: 0x00000b18, Max: 0x00007f38, ABSOLUTE)

    Exec Addr    Load Addr    Size         Type   Attr      Idx    E Section Name        Object

    0x100000c8   0x0000bc20   0x00000058   Data   RW            8    .data               combo_sph.o
    0x10000120   0x0000bc78   0x00000054   Data   RW          558    .data               mpu9250.o
    0x10000174   0x0000bccc   0x00000004   Data   RW          765    .data               system_LPC17xx.o
    0x10000178   0x0000bcd0   0x00000020   Data   RW          786    .data               mbed.ar(pwmout_api.o)
    0x10000198   0x0000bcf0   0x00000010   Data   RW          827    .data               mbed.ar(serial_api.o)
    0x100001a8   0x0000bd00   0x00000004   Data   RW          900    .data               mbed.ar(I2C.o)
    0x100001ac   0x0000bd04   0x00000004   Data   RW         1353    .data               mbed.ar(gpio_irq_api.o)
    0x100001b0   0x0000bd08   0x00000004   Data   RW         1418    .data               mbed.ar(us_ticker.o)
    0x100001b4   0x0000bd0c   0x00000004   Data   RW         1444    .data               mbed.ar(FileBase.o)
    0x100001b8   0x0000bd10   0x00000008   Data   RW         1517    .data               mbed.ar(us_ticker_api.o)
    0x100001c0   0x0000bd18   0x00000004   Data   RW         1607    .data               c_w.l(stdio_streams.o)
    0x100001c4   0x0000bd1c   0x00000004   Data   RW         1608    .data               c_w.l(stdio_streams.o)
    0x100001c8   0x0000bd20   0x00000004   Data   RW         1609    .data               c_w.l(stdio_streams.o)
    0x100001cc   0x0000bd24   0x00000004   Data   RW         2437    .data               c_w.l(heapauxa.o)
    0x100001d0        -       0x000006a8   Zero   RW            6    .bss                combo_sph.o
    0x10000878        -       0x0000006c   Zero   RW          556    .bss                mpu9250.o
    0x100008e4        -       0x00000040   Zero   RW          694    .bss                retarget.o
    0x10000924        -       0x000000e0   Zero   RW          824    .bss                mbed.ar(serial_api.o)
    0x10000a04        -       0x000000c0   Zero   RW         1352    .bss                mbed.ar(gpio_irq_api.o)
    0x10000ac4        -       0x00000054   Zero   RW         1604    .bss                c_w.l(stdio_streams.o)
    0x10000b18        -       0x00000054   Zero   RW         1605    .bss                c_w.l(stdio_streams.o)
    0x10000b6c        -       0x00000054   Zero   RW         1606    .bss                c_w.l(stdio_streams.o)
    0x10000bc0        -       0x00000004   Zero   RW         1870    .bss                c_w.l(rt_ddtor_pointer_addr.o)
    0x10000bc4        -       0x00000004   Zero   RW         2211    .bss                c_w.l(rt_heap_descriptor.o)
    0x10000bc8        -       0x00000004   Zero   RW         2216    .bss                c_w.l(rt_errno_addr.o)
    0x10000bcc        -       0x00000014   Zero   RW         2369    .bss                c_w.l(rt_locale.o)


    Execution Region RW_IRAM2 (Exec base: 0x2007c000, Load base: 0x0000bd28, Size: 0x00000000, Max: 0x00004000, ABSOLUTE)

    **** No section assigned to this execution region ****


    Execution Region RW_IRAM3 (Exec base: 0x20080000, Load base: 0x0000bd28, Size: 0x00000000, Max: 0x00004000, ABSOLUTE)

    **** No section assigned to this execution region ****


    Execution Region RW_IRAM4 (Exec base: 0x40038000, Load base: 0x0000bd28, Size: 0x00000000, Max: 0x00000800, ABSOLUTE)

    **** No section assigned to this execution region ****


==============================================================================

Image component sizes


      Code (inc. data)   RO Data    RW Data    ZI Data      Debug   Object Name

       288         46        104          0          0         76   board.o
        52          6          0          0          0         84   cmsis_nvic.o
      4872        676        112         88       1704      97570   combo_sph.o
     10716        958        421         84        108      21512   mpu9250.o
         0          0          0          0          0       1780   mpu_functions.o
       868        106         67          0         64       1136   retarget.o
        40         12        196          0          0        228   startup_LPC17xx.o
        16          6          0          0          0         68   sys.o
       160         10          0          4          0         68   system_LPC17xx.o

    ----------------------------------------------------------------------
     17018       1820        936        176       1876     122522   Object Totals
         0          0         32          0          0          0   (incl. Generated)
         6          0          4          0          0          0   (incl. Padding)

    ----------------------------------------------------------------------

      Code (inc. data)   RO Data    RW Data    ZI Data      Debug   Library Member Name

        60          8          0          0          0         84   __0sscanf.o
        44          6          0          0          0         84   __2sprintf.o
         8          0          0          0          0         68   __main.o
       392          4         17          0          0         92   __printf_flags_ss_wp.o
        14          0          0          0          0         68   __printf_wp.o
         0          0          0          0          0          0   __rtentry.o
        12          0          0          0          0          0   __rtentry2.o
         6          0          0          0          0          0   __rtentry4.o
        52          8          0          0          0          0   __scatter.o
        26          0          0          0          0          0   __scatter_copy.o
        28          0          0          0          0          0   __scatter_zi.o
        28          0          0          0          0         68   _chval.o
         6          0          0          0          0          0   _printf_a.o
         6          0          0          0          0          0   _printf_c.o
        44          0          0          0          0        108   _printf_char.o
        48          6          0          0          0         96   _printf_char_common.o
        36          4          0          0          0         80   _printf_char_file.o
        40          0          0          0          0         68   _printf_charcount.o
         6          0          0          0          0          0   _printf_d.o
       120         16          0          0          0         92   _printf_dec.o
         6          0          0          0          0          0   _printf_e.o
         6          0          0          0          0          0   _printf_f.o
      1054          0          0          0          0        216   _printf_fp_dec.o
       764          8         38          0          0        100   _printf_fp_hex.o
       128         16          0          0          0         84   _printf_fp_infnan.o
         6          0          0          0          0          0   _printf_g.o
       148          4         40          0          0        160   _printf_hex_int_ll_ptr.o
         6          0          0          0          0          0   _printf_i.o
       178          0          0          0          0         88   _printf_intcommon.o
        10          0          0          0          0          0   _printf_l.o
         6          0          0          0          0          0   _printf_lc.o
        10          0          0          0          0          0   _printf_ll.o
         6          0          0          0          0          0   _printf_lld.o
         6          0          0          0          0          0   _printf_lli.o
         6          0          0          0          0          0   _printf_llo.o
         6          0          0          0          0          0   _printf_llu.o
         6          0          0          0          0          0   _printf_llx.o
       124         16          0          0          0         92   _printf_longlong_dec.o
         6          0          0          0          0          0   _printf_ls.o
         6          0          0          0          0          0   _printf_n.o
         6          0          0          0          0          0   _printf_o.o
       112         10          0          0          0        124   _printf_oct_int_ll.o
         6          0          0          0          0          0   _printf_p.o
        78          0          0          0          0        108   _printf_pad.o
         0          0          0          0          0          0   _printf_percent.o
         4          0          0          0          0          0   _printf_percent_end.o
         6          0          0          0          0          0   _printf_s.o
        82          0          0          0          0         80   _printf_str.o
        36          0          0          0          0         84   _printf_truncate.o
         6          0          0          0          0          0   _printf_u.o
        44          0          0          0          0        108   _printf_wchar.o
       188          6          8          0          0         92   _printf_wctomb.o
         6          0          0          0          0          0   _printf_x.o
        22          0          0          0          0        100   _rserrno.o
       884          6          0          0          0        100   _scanf.o
       332          0          0          0          0         96   _scanf_int.o
        64          0          0          0          0         84   _sgetc.o
        10          0          0          0          0         68   _sputc.o
        64          0          0          0          0         92   _wcrtomb.o
        46          0          0          0          0         84   aeabi_atexit.o
       228          4        148          0          0         96   bigflt0.o
      1936        128          0          0          0        672   btod.o
        10          0          0          0          0         68   c89vfprintf.o
        66          0          0          0          0         84   cxa_finalize.o
        10          0          0          0          0         68   defsig_exit.o
        50          0          0          0          0         88   defsig_general.o
        48         34          0          0          0         76   defsig_pvfn_inner.o
        14          0          0          0          0         80   defsig_pvfn_outer.o
        80         58          0          0          0         76   defsig_rtmem_inner.o
        14          0          0          0          0         80   defsig_rtmem_outer.o
        52         38          0          0          0         76   defsig_rtred_inner.o
        14          0          0          0          0         80   defsig_rtred_outer.o
        76          0          0          0          0         88   fclose.o
         8          0          0          0          0         68   ferror.o
       100          4          0          0          0        120   fflush.o
        24          0          0          0          0         68   fgetc.o
       570          0          0          0          0        132   filbuf.o
       470          0          0          0          0         88   flsbuf.o
        56          6          0          0          0         80   flushlinebuffered.o
       236          4          0          0          0        128   fopen.o
        26          0          0          0          0         68   fputc.o
       248          6          0          0          0         84   fseek.o
        66          0          0          0          0         76   ftell.o
        94          0          0          0          0         80   h1_alloc.o
        52          0          0          0          0         68   h1_extend.o
        78          0          0          0          0         80   h1_free.o
        14          0          0          0          0         84   h1_init.o
        80          6          0          4          0         96   heapauxa.o
         4          0          0          0          0        136   hguard.o
         0          0          0          0          0          0   indicate_semi.o
        36         10          0          0          0         80   init_aeabi.o
       138          0          0          0          0        168   init_alloc.o
       312         46          0          0          0        112   initio.o
        18          0          0          0          0         76   isspace.o
        44         10        272          0          0         76   lc_ctype_c.o
        44         10         28          0          0         76   lc_numeric_c.o
         2          0          0          0          0          0   libinit.o
        46          0          0          0          0          0   libinit2.o
         0          0          0          0          0          0   libshutdown2.o
       138          0          0          0          0         80   lludiv10.o
         0          0          0          0          0          0   maybetermalloc1.o
        16          4          0          0          0         76   rt_ctype_table.o
         8          4          0          0          4         68   rt_ddtor_pointer_addr.o
         8          4          0          0          4         68   rt_errno_addr.o
         8          4          0          0          4         68   rt_heap_descriptor.o
         8          4          0          0         20         68   rt_locale.o
        78          0          0          0          0         80   rt_memclr_w.o
       100          0          0          0          0         80   rt_memcpy_w.o
        44          8          0          0          0         84   scanf_char.o
        20          0          0          0          0         68   setbuf.o
        70          0          0          0          0         80   setvbuf.o
       240          6          0          0          0        156   stdio.o
         0          0          0         12        252          0   stdio_streams.o
       128          0          0          0          0         68   strcmpv7m.o
        62          0          0          0          0         76   strlen.o
       150          0          0          0          0         80   strncmp.o
        12          4          0          0          0         68   sys_exit.o
        14          0          0          0          0         76   sys_wrch.o
         2          0          0          0          0         68   use_no_semi.o
        10          0          0          0          0         68   vfprintf.o
        36          0          0          0          0         84   aeabi_vec_ctor_nocookie_nodtor.o
         6          0          0          0          0         68   pure_virt.o
        98          4          0          0          0         92   d2f.o
       826         16          0          0          0        348   daddsub_clz.o
        16          4          0          0          0         68   dcheck1.o
        24          0          0          0          0         68   dcmpi.o
       688        140          0          0          0        208   ddiv.o
        84          0          0          0          0        136   dflt_clz.o
       120          4          0          0          0         92   dleqf.o
       340         12          0          0          0        104   dmul.o
       156          4          0          0          0         92   dnaninf.o
        12          0          0          0          0         68   dretinf.o
       108          0          0          0          0         80   drleqf.o
       460         56          0          0          0        120   dsqrt_noumaal.o
        86          4          0          0          0         84   f2d.o
       450          8          0          0          0        236   faddsub_clz.o
        12          4          0          0          0         68   fcheck1.o
        24          0          0          0          0         68   fcmpi.o
       388         76          0          0          0         96   fdiv.o
       104          4          0          0          0         84   feqf.o
        54          4          0          0          0         84   ffix.o
        62          4          0          0          0         84   ffixu.o
        86          0          0          0          0        136   fflt_clz.o
       104          4          0          0          0         84   fleqf.o
       258          4          0          0          0         84   fmul.o
       140          4          0          0          0         84   fnaninf.o
        10          0          0          0          0         68   fretinf.o
        98          0          0          0          0         68   frleqf.o
       272        100          0          0          0         88   fsqrt.o
         4          0          0          0          0         68   printf1.o
         4          0          0          0          0         68   printf2.o
       100          0          0          0          0         68   retnan.o
        92          0          0          0          0         68   scalbn.o
        76          0          0          0          0         68   scalbnf.o
        48          0          0          0          0         68   trapv.o
         0          0          0          0          0          0   usenofp.o
       544         70        152          0          0        124   atan.o
       380         56          0          0          0        108   atanf.o
        68         10          0          0          0        408   dunder.o
        40          0          0          0          0         68   fpclassify.o
        38          0          0          0          0         68   fpclassifyf.o
        16          0          0          0          0        136   funder.o
       170          0          0          0          0         96   poly.o
      2520        190        136          0          0        324   pow.o
         0          0          8          0          0          0   qnan.o
        76          0          0          0          0         84   sqrt.o
        44          0          0          0          0         80   sqrtf.o
       152         24         16          4          0        284   FileBase.o
        54         10         60          0          0        156   FileLike.o
       154          0          0          0          0        440   FilePath.o
       180         18          0          4          0        252   I2C.o
       326         50         16          0          0        512   InterruptIn.o
        60          4         92          0          0        288   Serial.o
       204         14         16          0          0        508   SerialBase.o
       274         16         68          0          0        860   Stream.o
        56          0          0          0          0        156   Timer.o
        64         52          0          0          0         68   assert.o
        24          4          0          0          0         80   error.o
       216         36          0          0          0        268   gpio.o
       148         30        102          0          0        228   gpio_api.o
       616         90          0          4        192        352   gpio_irq_api.o
       932         66        253          0          0        412   i2c_api.o
         4          0          0          0          0         68   mbed_interface.o
       236         48        100          0          0        160   pinmap.o
       274         78          0          0          0        308   pinmap_common.o
       436         74        284         32          0        324   pwmout_api.o
        28          6          0          0          0        144   semihost_api.o
      1708        178        392         16        224       1044   serial_api.o
        84          0          0          0          0        156   ticker_api.o
       248         64          0          4          0        356   us_ticker.o
        20         10         28          8          0        136   us_ticker_api.o
        88          4          0          0          0        240   wait_api.o

    ----------------------------------------------------------------------
     27922       2178       2284         88        700      20772   Library Totals
        54          0         10          0          0          0   (incl. Padding)

    ----------------------------------------------------------------------

      Code (inc. data)   RO Data    RW Data    ZI Data      Debug   Library Name

     11940        520        551         16        284       8024   c_w.l
        42          0          0          0          0        152   cpprt_w.l
      5404        456          0          0          0       3300   fz_ws.l
      3896        326        296          0          0       1496   m_ws.l
      6586        876       1427         72        416       7800   mbed.ar

    ----------------------------------------------------------------------
     27922       2178       2284         88        700      20772   Library Totals

    ----------------------------------------------------------------------

==============================================================================


      Code (inc. data)   RO Data    RW Data    ZI Data      Debug   

     44940       3998       3220        264       2576     128782   Grand Totals
     44940       3998       3220        264       2576     128782   ELF Image Totals
     44940       3998       3220        264          0          0   ROM Totals

==============================================================================

    Total RO  Size (Code + RO Data)                48160 (  47.03kB)
    Total RW  Size (RW Data + ZI Data)              2840 (   2.77kB)
    Total ROM Size (Code + RO Data + RW Data)      48424 (  47.29kB)

==============================================================================

